MPLINK 5.00, LINKER
Linker Map File - Created Wed Aug 07 16:08:47 2024

                                 Section Info
                  Section       Type    Address   Location Size(Bytes)
                ---------  ---------  ---------  ---------  ---------
               _entry_scn       code   0x000000    program   0x000006
       .code__user_putc.o       code   0x000006    program   0x000002
          interruptvector       code   0x000008    program   0x000006
                   .cinit    romdata   0x00000e    program   0x00001a
   .code_PetHub_Modules.o       code   0x000028    program   0x000fd6
         .code_vfprintf.o       code   0x000ffe    program   0x000c22
   .code_PetHub_Display.o       code   0x001c20    program   0x000952
   .romdata_PetHub_Oled.o    romdata   0x002572    program   0x000652
      .code_PetHub_Oled.o       code   0x002bc4    program   0x0005bc
                     PROG       code   0x003180    program   0x0004d2
   .code_PetHub_Sensors.o       code   0x003652    program   0x0003ce
           .code_PetHub.o       code   0x003a20    program   0x0003ac
.code_PetHub_Interrupts.o       code   0x003dcc    program   0x00022c
             .stringtable    romdata   0x003ff8    program   0x0001c5
        .romdata___init.o    romdata   0x0041bd    program   0x000000
        .idata___init.o_i    romdata   0x0041bd    program   0x000000
      .romdata_spi1writ.o    romdata   0x0041bd    program   0x000000
      .idata_spi1writ.o_i    romdata   0x0041bd    program   0x000000
       .romdata_fxm3232.o    romdata   0x0041bd    program   0x000000
       .idata_fxm3232.o_i    romdata   0x0041bd    program   0x000000
        .romdata_stdout.o    romdata   0x0041bd    program   0x000000
      .idata_vfprintf.o_i    romdata   0x0041bd    program   0x000000
.romdata_PetHub_Display.o    romdata   0x0041bd    program   0x000000
          .idata_putc.o_i    romdata   0x0041bd    program   0x000000
          .romdata_putc.o    romdata   0x0041bd    program   0x000000
         .idata_c018i.o_i    romdata   0x0041bd    program   0x000000
   .idata_PetHub_Oled.o_i    romdata   0x0041bd    program   0x000000
.romdata_PetHub_Modules.o    romdata   0x0041bd    program   0x000000
         .romdata_c018i.o    romdata   0x0041bd    program   0x000000
.idata_PetHub_Interrupts.o_i    romdata   0x0041bd    program   0x000000
          .code_sprintf.o       code   0x0041be    program   0x0000ac
           .code_stdout.o       code   0x0041be    program   0x000000
               _cinit_scn       code   0x00426a    program   0x00009e
           .code_printf.o       code   0x004308    program   0x000098
             .code_putc.o       code   0x0043a0    program   0x000084
          .code_fxm3232.o       code   0x004424    program   0x000070
                   STRING       code   0x004494    program   0x000066
         .code_spi1open.o       code   0x0044fa    program   0x000064
         .code_fxd3232u.o       code   0x00455e    program   0x000048
         .code_spi1writ.o       code   0x0045a6    program   0x00003c
             D10KTCYXCODE       code   0x0045e2    program   0x00002e
                    CTYPE       code   0x004610    program   0x000024
              D1KTCYXCODE       code   0x004634    program   0x000020
                    .code       code   0x004654    program   0x000020
             _startup_scn       code   0x004674    program   0x00001c
                    STDIO       code   0x004690    program   0x00001c
              D10TCYXCODE       code   0x0046ac    program   0x000016
      .romdata_vfprintf.o    romdata   0x0046c2    program   0x000011
    .idata__user_putc.o_i    romdata   0x0046d3    program   0x000000
      .romdata_fxd3232u.o    romdata   0x0046d3    program   0x000000
      .idata_fxd3232u.o_i    romdata   0x0046d3    program   0x000000
    .romdata__user_putc.o    romdata   0x0046d3    program   0x000000
        .romdata_PetHub.o    romdata   0x0046d3    program   0x000000
.idata_PetHub_Display.o_i    romdata   0x0046d3    program   0x000000
.idata_PetHub_Sensors.o_i    romdata   0x0046d3    program   0x000000
.romdata_PetHub_Sensors.o    romdata   0x0046d3    program   0x000000
.idata_PetHub_Modules.o_i    romdata   0x0046d3    program   0x000000
.romdata_PetHub_Interrupts.o    romdata   0x0046d3    program   0x000000
      .idata_spi1open.o_i    romdata   0x0046d3    program   0x000000
      .romdata_spi1open.o    romdata   0x0046d3    program   0x000000
        .idata_printf.o_i    romdata   0x0046d3    program   0x000000
        .romdata_printf.o    romdata   0x0046d3    program   0x000000
       .idata_sprintf.o_i    romdata   0x0046d3    program   0x000000
       .romdata_sprintf.o    romdata   0x0046d3    program   0x000000
           .code___init.o       code   0x0046d4    program   0x000002
            .code_c018i.o       code   0x0046d4    program   0x000000
        .idata_stdout.o_i    romdata   0x0046d6    program   0x000002
        .idata_PetHub.o_i    romdata   0x0046d8    program   0x000071
  .config_300001_PetHub.o    romdata   0x300001    program   0x000001
  .config_300002_PetHub.o    romdata   0x300002    program   0x000001
  .config_300003_PetHub.o    romdata   0x300003    program   0x000001
  .config_300005_PetHub.o    romdata   0x300005    program   0x000001
  .config_300006_PetHub.o    romdata   0x300006    program   0x000001
                MATH_DATA      udata   0x000000       data   0x000014
                 .tmpdata      udata   0x000014       data   0x00000c
                  isr_tmp      udata   0x000020       data   0x000004
                DELAYDAT2      udata   0x000024       data   0x000001
                DELAYDAT1      udata   0x000025       data   0x000001
          .idata_PetHub.o      idata   0x000060       data   0x000071
           .udata_c018i.o      udata   0x0000d1       data   0x00000a
          .idata_stdout.o      idata   0x0000db       data   0x000002
        .udata_spi1writ.o      udata   0x0000dd       data   0x000000
        .idata_spi1writ.o      idata   0x0000dd       data   0x000000
          .udata___init.o      udata   0x0000dd       data   0x000000
          .idata___init.o      idata   0x0000dd       data   0x000000
          .udata_printf.o      udata   0x0000dd       data   0x000000
          .idata_printf.o      idata   0x0000dd       data   0x000000
         .udata_sprintf.o      udata   0x0000dd       data   0x000000
         .idata_sprintf.o      idata   0x0000dd       data   0x000000
          .udata_stdout.o      udata   0x0000dd       data   0x000000
        .udata_vfprintf.o      udata   0x0000dd       data   0x000000
        .idata_vfprintf.o      idata   0x0000dd       data   0x000000
        .udata_fxd3232u.o      udata   0x0000dd       data   0x000000
        .idata_fxd3232u.o      idata   0x0000dd       data   0x000000
            .udata_putc.o      udata   0x0000dd       data   0x000000
            .idata_putc.o      idata   0x0000dd       data   0x000000
      .udata__user_putc.o      udata   0x0000dd       data   0x000000
      .idata__user_putc.o      idata   0x0000dd       data   0x000000
           .idata_c018i.o      idata   0x0000dd       data   0x000000
.udata_PetHub_Interrupts.o      udata   0x0000dd       data   0x000000
.idata_PetHub_Interrupts.o      idata   0x0000dd       data   0x000000
  .udata_PetHub_Modules.o      udata   0x0000dd       data   0x000000
  .idata_PetHub_Modules.o      idata   0x0000dd       data   0x000000
     .udata_PetHub_Oled.o      udata   0x0000dd       data   0x000000
     .idata_PetHub_Oled.o      idata   0x0000dd       data   0x000000
  .udata_PetHub_Display.o      udata   0x0000dd       data   0x000000
  .idata_PetHub_Display.o      idata   0x0000dd       data   0x000000
  .udata_PetHub_Sensors.o      udata   0x0000dd       data   0x000000
  .idata_PetHub_Sensors.o      idata   0x0000dd       data   0x000000
         .udata_fxm3232.o      udata   0x0000dd       data   0x000000
         .idata_fxm3232.o      idata   0x0000dd       data   0x000000
        .udata_spi1open.o      udata   0x0000dd       data   0x000000
        .idata_spi1open.o      idata   0x0000dd       data   0x000000
          .udata_PetHub.o      udata   0x000100       data   0x000048
                   .stack      udata   0x000500       data   0x000100
              SFR_BANKED0      udata   0x000f38       data   0x000028
            SFR_UNBANKED0      udata   0x000f60       data   0x0000a0



                              Program Memory Usage 
                               Start         End      
                           ---------   ---------      
                            0x000000    0x0041bc      
                            0x0041be    0x0046d2      
                            0x0046d4    0x004748      
                            0x300001    0x300003      
                            0x300005    0x300006      
            18252 out of 33048 program addresses used, program memory utilization is 55%



                              Symbols - Sorted by Name
                     Name    Address   Location    Storage File                     
                ---------  ---------  ---------  --------- ---------                
                   D10K_1   0x0045ee    program     static E:\3.46\pic18-lt\cxx-framework\src\traditional\delays\d10ktcyx.asm
                    D10Kl   0x0045fa    program     static E:\3.46\pic18-lt\cxx-framework\src\traditional\delays\d10ktcyx.asm
                    D10Kx   0x0045ec    program     static E:\3.46\pic18-lt\cxx-framework\src\traditional\delays\d10ktcyx.asm
                    D10_1   0x0046bc    program     static E:\3.46\pic18-lt\cxx-framework\src\traditional\delays\d10tcyx.asm
                     D10x   0x0046b4    program     static E:\3.46\pic18-lt\cxx-framework\src\traditional\delays\d10tcyx.asm
                    D1K_1   0x004640    program     static E:\3.46\pic18-lt\cxx-framework\src\traditional\delays\d1ktcyx.asm
                     D1Kx   0x00463e    program     static E:\3.46\pic18-lt\cxx-framework\src\traditional\delays\d1ktcyx.asm
             Delay10KTCYx   0x0045e2    program     extern E:\3.46\pic18-lt\cxx-framework\src\traditional\delays\d10ktcyx.asm
              Delay10TCYx   0x0046ac    program     extern E:\3.46\pic18-lt\cxx-framework\src\traditional\delays\d10tcyx.asm
              Delay1KTCYx   0x004634    program     extern E:\3.46\pic18-lt\cxx-framework\src\traditional\delays\d1ktcyx.asm
                 FLO1632S   0x003184    program     extern E:\3.46\pic18-lt\cxx-framework\src\traditional\math\cast16FP.asm
                 FLO1632U   0x003180    program     extern E:\3.46\pic18-lt\cxx-framework\src\traditional\math\cast16FP.asm
                 FLO3232S   0x0031ae    program     extern E:\3.46\pic18-lt\cxx-framework\src\traditional\math\cast32FP.asm
                 FLO3232U   0x0031aa    program     extern E:\3.46\pic18-lt\cxx-framework\src\traditional\math\cast32FP.asm
                    FPA32   0x003362    program     extern E:\3.46\pic18-lt\cxx-framework\src\traditional\math\addFP.asm
                    FPD32   0x0031e0    program     extern E:\3.46\pic18-lt\cxx-framework\src\traditional\math\divFP.asm
                    FPM32   0x003286    program     extern E:\3.46\pic18-lt\cxx-framework\src\traditional\math\mulFP.asm
                    FPS32   0x003360    program     extern E:\3.46\pic18-lt\cxx-framework\src\traditional\math\addFP.asm
                 FXD3232U   0x00455e    program     extern E:\3.46\pic18-lt\cxx-framework\src\traditional\math\fxd3232u.c
                 FXM1616S   0x0035f8    program     extern E:\3.46\pic18-lt\cxx-framework\src\traditional\math\fxm1616s.asm
                  FXM3232   0x004424    program     extern E:\3.46\pic18-lt\cxx-framework\src\traditional\math\fxm3232.c
                  INT3216   0x00348e    program     extern E:\3.46\pic18-lt\cxx-framework\src\traditional\math\castFP16.asm
                 OpenSPI1   0x0044fa    program     extern E:\3.46\pic18-lt\cxx-framework\src\pmc_common\SPI\spi1open.c
                  SPIInit   0x002bc4    program     extern C:\Users\edwin\Documents\GitHub\PetHub\src\PetHub_Oled.c
                 SPIWrite   0x002bf8    program     extern C:\Users\edwin\Documents\GitHub\PetHub\src\PetHub_Oled.c
               TSIGN1616A   0x003644    program     static E:\3.46\pic18-lt\cxx-framework\src\traditional\math\fxm1616s.asm
                WriteSPI1   0x0045a6    program     extern E:\3.46\pic18-lt\cxx-framework\src\pmc_common\SPI\spi1writ.c
                   _2jEnd   0x0044e4    program     static E:\3.46\pic18-lt\cxx-framework\src\traditional\stdclib\slenpgm.asm
       _D10KTCYXCODE_0010   0x0045f2    program     static E:\3.46\pic18-lt\cxx-framework\src\traditional\delays\d10ktcyx.asm
       _D10KTCYXCODE_001C   0x0045fe    program     static E:\3.46\pic18-lt\cxx-framework\src\traditional\delays\d10ktcyx.asm
        _D10TCYXCODE_000A   0x0046b6    program     static E:\3.46\pic18-lt\cxx-framework\src\traditional\delays\d10tcyx.asm
        _D10TCYXCODE_000C   0x0046b8    program     static E:\3.46\pic18-lt\cxx-framework\src\traditional\delays\d10tcyx.asm
        _D10TCYXCODE_000E   0x0046ba    program     static E:\3.46\pic18-lt\cxx-framework\src\traditional\delays\d10tcyx.asm
        _D1KTCYXCODE_0010   0x004644    program     static E:\3.46\pic18-lt\cxx-framework\src\traditional\delays\d1ktcyx.asm
        _D1KTCYXCODE_0016   0x00464a    program     static E:\3.46\pic18-lt\cxx-framework\src\traditional\delays\d1ktcyx.asm
                 __FpExit   0x0034f8    program     extern E:\3.46\pic18-lt\cxx-framework\src\traditional\math\packFP.asm
                 __FpPack   0x003524    program     extern E:\3.46\pic18-lt\cxx-framework\src\traditional\math\packFP.asm
            __FpReturnNaN   0x0034ec    program     extern E:\3.46\pic18-lt\cxx-framework\src\traditional\math\packFP.asm
         __FpReturnNegInf   0x0034fe    program     extern E:\3.46\pic18-lt\cxx-framework\src\traditional\math\packFP.asm
        __FpReturnNegZero   0x003516    program     extern E:\3.46\pic18-lt\cxx-framework\src\traditional\math\packFP.asm
         __FpReturnPosInf   0x003504    program     extern E:\3.46\pic18-lt\cxx-framework\src\traditional\math\packFP.asm
        __FpReturnPosZero   0x00351e    program     extern E:\3.46\pic18-lt\cxx-framework\src\traditional\math\packFP.asm
        __FpReturnSignInf   0x0034fa    program     extern E:\3.46\pic18-lt\cxx-framework\src\traditional\math\packFP.asm
       __FpReturnSignZero   0x003512    program     extern E:\3.46\pic18-lt\cxx-framework\src\traditional\math\packFP.asm
              __FpReturnW   0x00357c    program     extern E:\3.46\pic18-lt\cxx-framework\src\traditional\math\packFP.asm
              __FpUnPackA   0x00359c    program     extern E:\3.46\pic18-lt\cxx-framework\src\traditional\math\UnpackFP.asm
              __FpUnPackB   0x0035cc    program     extern E:\3.46\pic18-lt\cxx-framework\src\traditional\math\UnpackFP.asm
       ___return_lbl00000   0x00000c    program     static                          
       ___return_lbl00000   0x004492    program     static                          
       ___return_lbl00000   0x0045a4    program     static                          
       ___return_lbl00000   0x000004    program     static                          
       ___return_lbl00001   0x00468e    program     static                          
       ___return_lbl00002   0x004306    program     static                          
               __config_0   0x300001    program     static C:\Users\edwin\Documents\GitHub\PetHub\src\PetHub.c
               __config_1   0x300002    program     static C:\Users\edwin\Documents\GitHub\PetHub\src\PetHub.c
               __config_2   0x300003    program     static C:\Users\edwin\Documents\GitHub\PetHub\src\PetHub.c
               __config_3   0x300005    program     static C:\Users\edwin\Documents\GitHub\PetHub\src\PetHub.c
               __config_4   0x300006    program     static C:\Users\edwin\Documents\GitHub\PetHub\src\PetHub.c
                   __init   0x0046d4    program     extern E:\3.46\pic18-lt\cxx-framework\src\traditional\stdclib\__init.c
                   __pa_0   0x00193e    program     static E:\3.46\pic18-lt\cxx-framework\src\traditional\stdclib\vfprintf.c
                   __pa_1   0x001946    program     static E:\3.46\pic18-lt\cxx-framework\src\traditional\stdclib\vfprintf.c
                  __pa_10   0x0019fa    program     static E:\3.46\pic18-lt\cxx-framework\src\traditional\stdclib\vfprintf.c
                  __pa_11   0x001a08    program     static E:\3.46\pic18-lt\cxx-framework\src\traditional\stdclib\vfprintf.c
                  __pa_12   0x001a1e    program     static E:\3.46\pic18-lt\cxx-framework\src\traditional\stdclib\vfprintf.c
                  __pa_13   0x001a38    program     static E:\3.46\pic18-lt\cxx-framework\src\traditional\stdclib\vfprintf.c
                  __pa_14   0x001a50    program     static E:\3.46\pic18-lt\cxx-framework\src\traditional\stdclib\vfprintf.c
                  __pa_15   0x001a60    program     static E:\3.46\pic18-lt\cxx-framework\src\traditional\stdclib\vfprintf.c
                  __pa_16   0x001a76    program     static E:\3.46\pic18-lt\cxx-framework\src\traditional\stdclib\vfprintf.c
                  __pa_17   0x001a88    program     static E:\3.46\pic18-lt\cxx-framework\src\traditional\stdclib\vfprintf.c
                  __pa_18   0x001a9a    program     static E:\3.46\pic18-lt\cxx-framework\src\traditional\stdclib\vfprintf.c
                  __pa_19   0x001aa4    program     static E:\3.46\pic18-lt\cxx-framework\src\traditional\stdclib\vfprintf.c
                   __pa_2   0x001950    program     static E:\3.46\pic18-lt\cxx-framework\src\traditional\stdclib\vfprintf.c
                  __pa_20   0x001ab4    program     static E:\3.46\pic18-lt\cxx-framework\src\traditional\stdclib\vfprintf.c
                  __pa_21   0x001ac4    program     static E:\3.46\pic18-lt\cxx-framework\src\traditional\stdclib\vfprintf.c
                  __pa_22   0x001ad4    program     static E:\3.46\pic18-lt\cxx-framework\src\traditional\stdclib\vfprintf.c
                  __pa_23   0x001ae0    program     static E:\3.46\pic18-lt\cxx-framework\src\traditional\stdclib\vfprintf.c
                  __pa_24   0x001aee    program     static E:\3.46\pic18-lt\cxx-framework\src\traditional\stdclib\vfprintf.c
                  __pa_25   0x001af6    program     static E:\3.46\pic18-lt\cxx-framework\src\traditional\stdclib\vfprintf.c
                  __pa_26   0x001b00    program     static E:\3.46\pic18-lt\cxx-framework\src\traditional\stdclib\vfprintf.c
                  __pa_27   0x001b0a    program     static E:\3.46\pic18-lt\cxx-framework\src\traditional\stdclib\vfprintf.c
                  __pa_28   0x001b12    program     static E:\3.46\pic18-lt\cxx-framework\src\traditional\stdclib\vfprintf.c
                  __pa_29   0x001b20    program     static E:\3.46\pic18-lt\cxx-framework\src\traditional\stdclib\vfprintf.c
                   __pa_3   0x00195a    program     static E:\3.46\pic18-lt\cxx-framework\src\traditional\stdclib\vfprintf.c
                  __pa_30   0x001b3c    program     static E:\3.46\pic18-lt\cxx-framework\src\traditional\stdclib\vfprintf.c
                  __pa_31   0x001b56    program     static E:\3.46\pic18-lt\cxx-framework\src\traditional\stdclib\vfprintf.c
                  __pa_32   0x001b70    program     static E:\3.46\pic18-lt\cxx-framework\src\traditional\stdclib\vfprintf.c
                  __pa_33   0x001b88    program     static E:\3.46\pic18-lt\cxx-framework\src\traditional\stdclib\vfprintf.c
                  __pa_34   0x001b92    program     static E:\3.46\pic18-lt\cxx-framework\src\traditional\stdclib\vfprintf.c
                  __pa_35   0x001ba0    program     static E:\3.46\pic18-lt\cxx-framework\src\traditional\stdclib\vfprintf.c
                  __pa_36   0x001ba8    program     static E:\3.46\pic18-lt\cxx-framework\src\traditional\stdclib\vfprintf.c
                  __pa_37   0x001bb2    program     static E:\3.46\pic18-lt\cxx-framework\src\traditional\stdclib\vfprintf.c
                  __pa_38   0x001bc2    program     static E:\3.46\pic18-lt\cxx-framework\src\traditional\stdclib\vfprintf.c
                  __pa_39   0x001bd0    program     static E:\3.46\pic18-lt\cxx-framework\src\traditional\stdclib\vfprintf.c
                   __pa_4   0x001972    program     static E:\3.46\pic18-lt\cxx-framework\src\traditional\stdclib\vfprintf.c
                  __pa_40   0x001bdc    program     static E:\3.46\pic18-lt\cxx-framework\src\traditional\stdclib\vfprintf.c
                  __pa_41   0x001be8    program     static E:\3.46\pic18-lt\cxx-framework\src\traditional\stdclib\vfprintf.c
                  __pa_42   0x001bf0    program     static E:\3.46\pic18-lt\cxx-framework\src\traditional\stdclib\vfprintf.c
                  __pa_43   0x001bfa    program     static E:\3.46\pic18-lt\cxx-framework\src\traditional\stdclib\vfprintf.c
                  __pa_44   0x001c00    program     static E:\3.46\pic18-lt\cxx-framework\src\traditional\stdclib\vfprintf.c
                  __pa_45   0x001c0a    program     static E:\3.46\pic18-lt\cxx-framework\src\traditional\stdclib\vfprintf.c
                  __pa_46   0x001c16    program     static E:\3.46\pic18-lt\cxx-framework\src\traditional\stdclib\vfprintf.c
                   __pa_5   0x001986    program     static E:\3.46\pic18-lt\cxx-framework\src\traditional\stdclib\vfprintf.c
                   __pa_6   0x0019a2    program     static E:\3.46\pic18-lt\cxx-framework\src\traditional\stdclib\vfprintf.c
                   __pa_7   0x0019ac    program     static E:\3.46\pic18-lt\cxx-framework\src\traditional\stdclib\vfprintf.c
                   __pa_8   0x0019b8    program     static E:\3.46\pic18-lt\cxx-framework\src\traditional\stdclib\vfprintf.c
                   __pa_9   0x0019da    program     static E:\3.46\pic18-lt\cxx-framework\src\traditional\stdclib\vfprintf.c
               __string_0   0x00410d    program     static C:\Users\edwin\Documents\GitHub\PetHub\src\PetHub_Modules.c
               __string_0   0x0041b8    program     static C:\Users\edwin\Documents\GitHub\PetHub\src\PetHub_Display.c
               __string_1   0x0041ae    program     static C:\Users\edwin\Documents\GitHub\PetHub\src\PetHub_Display.c
               __string_1   0x0040ee    program     static C:\Users\edwin\Documents\GitHub\PetHub\src\PetHub_Modules.c
              __string_10   0x00415c    program     static C:\Users\edwin\Documents\GitHub\PetHub\src\PetHub_Display.c
              __string_10   0x00409a    program     static C:\Users\edwin\Documents\GitHub\PetHub\src\PetHub_Modules.c
              __string_11   0x00414b    program     static C:\Users\edwin\Documents\GitHub\PetHub\src\PetHub_Display.c
              __string_11   0x004088    program     static C:\Users\edwin\Documents\GitHub\PetHub\src\PetHub_Modules.c
              __string_12   0x00413e    program     static C:\Users\edwin\Documents\GitHub\PetHub\src\PetHub_Display.c
              __string_12   0x00407b    program     static C:\Users\edwin\Documents\GitHub\PetHub\src\PetHub_Modules.c
              __string_13   0x004136    program     static C:\Users\edwin\Documents\GitHub\PetHub\src\PetHub_Display.c
              __string_13   0x00406f    program     static C:\Users\edwin\Documents\GitHub\PetHub\src\PetHub_Modules.c
              __string_14   0x004128    program     static C:\Users\edwin\Documents\GitHub\PetHub\src\PetHub_Display.c
              __string_14   0x004064    program     static C:\Users\edwin\Documents\GitHub\PetHub\src\PetHub_Modules.c
              __string_15   0x004058    program     static C:\Users\edwin\Documents\GitHub\PetHub\src\PetHub_Modules.c
              __string_15   0x004124    program     static C:\Users\edwin\Documents\GitHub\PetHub\src\PetHub_Display.c
              __string_16   0x004048    program     static C:\Users\edwin\Documents\GitHub\PetHub\src\PetHub_Modules.c
              __string_17   0x004045    program     static C:\Users\edwin\Documents\GitHub\PetHub\src\PetHub_Modules.c
              __string_18   0x00403f    program     static C:\Users\edwin\Documents\GitHub\PetHub\src\PetHub_Modules.c
              __string_19   0x00403b    program     static C:\Users\edwin\Documents\GitHub\PetHub\src\PetHub_Modules.c
               __string_2   0x0040e4    program     static C:\Users\edwin\Documents\GitHub\PetHub\src\PetHub_Modules.c
               __string_2   0x0041a4    program     static C:\Users\edwin\Documents\GitHub\PetHub\src\PetHub_Display.c
              __string_20   0x00402d    program     static C:\Users\edwin\Documents\GitHub\PetHub\src\PetHub_Modules.c
              __string_21   0x00401f    program     static C:\Users\edwin\Documents\GitHub\PetHub\src\PetHub_Modules.c
              __string_22   0x004011    program     static C:\Users\edwin\Documents\GitHub\PetHub\src\PetHub_Modules.c
              __string_23   0x004003    program     static C:\Users\edwin\Documents\GitHub\PetHub\src\PetHub_Modules.c
              __string_24   0x003fff    program     static C:\Users\edwin\Documents\GitHub\PetHub\src\PetHub_Modules.c
               __string_3   0x0040dc    program     static C:\Users\edwin\Documents\GitHub\PetHub\src\PetHub_Modules.c
               __string_3   0x004198    program     static C:\Users\edwin\Documents\GitHub\PetHub\src\PetHub_Display.c
               __string_4   0x00418c    program     static C:\Users\edwin\Documents\GitHub\PetHub\src\PetHub_Display.c
               __string_4   0x0040d3    program     static C:\Users\edwin\Documents\GitHub\PetHub\src\PetHub_Modules.c
               __string_5   0x0040cb    program     static C:\Users\edwin\Documents\GitHub\PetHub\src\PetHub_Modules.c
               __string_5   0x004187    program     static C:\Users\edwin\Documents\GitHub\PetHub\src\PetHub_Display.c
               __string_6   0x0040c6    program     static C:\Users\edwin\Documents\GitHub\PetHub\src\PetHub_Modules.c
               __string_6   0x004182    program     static C:\Users\edwin\Documents\GitHub\PetHub\src\PetHub_Display.c
               __string_6   0x003ff8    program     static C:\Users\edwin\Documents\GitHub\PetHub\src\PetHub.c
               __string_7   0x0040bf    program     static C:\Users\edwin\Documents\GitHub\PetHub\src\PetHub_Modules.c
               __string_7   0x00417c    program     static C:\Users\edwin\Documents\GitHub\PetHub\src\PetHub_Display.c
               __string_8   0x0040b4    program     static C:\Users\edwin\Documents\GitHub\PetHub\src\PetHub_Modules.c
               __string_8   0x004176    program     static C:\Users\edwin\Documents\GitHub\PetHub\src\PetHub_Display.c
               __string_9   0x0040a3    program     static C:\Users\edwin\Documents\GitHub\PetHub\src\PetHub_Modules.c
               __string_9   0x004169    program     static C:\Users\edwin\Documents\GitHub\PetHub\src\PetHub_Display.c
              __tmplbl_42   0x001ad4    program     static                          
              __tmplbl_43   0x00191c    program     static                          
              __tmplbl_44   0x001902    program     static                          
              __tmplbl_85   0x001054    program     static                          
            __zero_memory   0x004654    program     extern E:\3.46\pic18-lt\cxx-framework\src\traditional\proc\p18f45k22.asm
                _do_cinit   0x00426a    program     extern E:\3.46\pic18-lt\cxx-framework\src\traditional\startup\c018i.c
                   _entry   0x000000    program     extern E:\3.46\pic18-lt\cxx-framework\src\traditional\startup\c018i.c
                   _false   0x0045a0    program     static                          
                 _startup   0x004674    program     extern E:\3.46\pic18-lt\cxx-framework\src\traditional\startup\c018i.c
              _usart_putc   0x004690    program     extern E:\3.46\pic18-lt\cxx-framework\src\pmc_common\USART\_usartpc.asm
               _user_putc   0x000006    program     extern E:\3.46\pic18-lt\cxx-framework\src\traditional\stdclib\_user_putc.c
      calculateAirQuality   0x003964    program     extern C:\Users\edwin\Documents\GitHub\PetHub\src\PetHub_Sensors.c
     calculateTemperature   0x003826    program     extern C:\Users\edwin\Documents\GitHub\PetHub\src\PetHub_Sensors.c
               changeMode   0x000a2a    program     extern C:\Users\edwin\Documents\GitHub\PetHub\src\PetHub_Modules.c
            checkDistance   0x0036fc    program     extern C:\Users\edwin\Documents\GitHub\PetHub\src\PetHub_Sensors.c
                compare_l   0x00466a    program     static E:\3.46\pic18-lt\cxx-framework\src\traditional\proc\p18f45k22.asm
                copy_loop   0x0042dc    program     static                          
            copy_one_byte   0x0042e2    program     static                          
                      dec   0x000dd4    program     extern C:\Users\edwin\Documents\GitHub\PetHub\src\PetHub_Modules.c
             dispenseFood   0x00090a    program     extern C:\Users\edwin\Documents\GitHub\PetHub\src\PetHub_Modules.c
             displayClear   0x002e1c    program     extern C:\Users\edwin\Documents\GitHub\PetHub\src\PetHub_Oled.c
              displayData   0x00014e    program     extern C:\Users\edwin\Documents\GitHub\PetHub\src\PetHub_Modules.c
              displayMenu   0x001f90    program     extern C:\Users\edwin\Documents\GitHub\PetHub\src\PetHub_Display.c
              displayMode   0x0020f4    program     extern C:\Users\edwin\Documents\GitHub\PetHub\src\PetHub_Display.c
           displayShedule   0x00202e    program     extern C:\Users\edwin\Documents\GitHub\PetHub\src\PetHub_Display.c
              displayTemp   0x001c20    program     extern C:\Users\edwin\Documents\GitHub\PetHub\src\PetHub_Display.c
              displayTime   0x001d06    program     extern C:\Users\edwin\Documents\GitHub\PetHub\src\PetHub_Display.c
          displayTime12Hr   0x001e60    program     extern C:\Users\edwin\Documents\GitHub\PetHub\src\PetHub_Display.c
             displaylevel   0x002314    program     extern C:\Users\edwin\Documents\GitHub\PetHub\src\PetHub_Display.c
                     done   0x004306    program     static                          
             done_copying   0x0042f0    program     static                          
          drawProgressBar   0x003040    program     extern C:\Users\edwin\Documents\GitHub\PetHub\src\PetHub_Oled.c
               eepromRead   0x000582    program     extern C:\Users\edwin\Documents\GitHub\PetHub\src\PetHub_Modules.c
              eepromWrite   0x00053e    program     extern C:\Users\edwin\Documents\GitHub\PetHub\src\PetHub_Modules.c
                  font6x8   0x002572    program     extern C:\Users\edwin\Documents\GitHub\PetHub\include\PetHub_Oled.h
                      inc   0x000b78    program     extern C:\Users\edwin\Documents\GitHub\PetHub\src\PetHub_Modules.c
                  initPbs   0x00049c    program     extern C:\Users\edwin\Documents\GitHub\PetHub\src\PetHub_Modules.c
               initSensor   0x003652    program     extern C:\Users\edwin\Documents\GitHub\PetHub\src\PetHub_Sensors.c
              initShedule   0x000686    program     extern C:\Users\edwin\Documents\GitHub\PetHub\src\PetHub_Modules.c
               initStatus   0x0005ca    program     extern C:\Users\edwin\Documents\GitHub\PetHub\src\PetHub_Modules.c
              initStepper   0x0004cc    program     extern C:\Users\edwin\Documents\GitHub\PetHub\src\PetHub_Modules.c
                 initTime   0x000642    program     extern C:\Users\edwin\Documents\GitHub\PetHub\src\PetHub_Modules.c
          interruptvector   0x000008    program     extern C:\Users\edwin\Documents\GitHub\PetHub\src\PetHub_Interrupts.c
                  isdigit   0x004610    program     extern E:\3.46\pic18-lt\cxx-framework\src\traditional\stdclib\isdigit.asm
                      isr   0x003dcc    program     extern C:\Users\edwin\Documents\GitHub\PetHub\src\PetHub_Interrupts.c
                 jANotInf   0x0032a4    program     static E:\3.46\pic18-lt\cxx-framework\src\traditional\math\mulFP.asm
                 jANotInf   0x00338a    program     static E:\3.46\pic18-lt\cxx-framework\src\traditional\math\addFP.asm
                 jANotInf   0x0031fe    program     static E:\3.46\pic18-lt\cxx-framework\src\traditional\math\divFP.asm
                 jANotNeg   0x00341e    program     static E:\3.46\pic18-lt\cxx-framework\src\traditional\math\addFP.asm
                jANotZero   0x003212    program     static E:\3.46\pic18-lt\cxx-framework\src\traditional\math\divFP.asm
              jAandWsetup   0x0033ee    program     static E:\3.46\pic18-lt\cxx-framework\src\traditional\math\addFP.asm
                 jAltBexp   0x0033dc    program     static E:\3.46\pic18-lt\cxx-framework\src\traditional\math\addFP.asm
                jBANotInf   0x003380    program     static E:\3.46\pic18-lt\cxx-framework\src\traditional\math\addFP.asm
                 jBNotInf   0x003398    program     static E:\3.46\pic18-lt\cxx-framework\src\traditional\math\addFP.asm
              jBothFinite   0x0032b2    program     static E:\3.46\pic18-lt\cxx-framework\src\traditional\math\mulFP.asm
             jBothNotZero   0x0032be    program     static E:\3.46\pic18-lt\cxx-framework\src\traditional\math\mulFP.asm
            jDifOrPosSign   0x0033ac    program     static E:\3.46\pic18-lt\cxx-framework\src\traditional\math\addFP.asm
                     jEnd   0x0044ae    program     static E:\3.46\pic18-lt\cxx-framework\src\traditional\stdclib\strlen.asm
                     jEnd   0x0044e6    program     static E:\3.46\pic18-lt\cxx-framework\src\traditional\stdclib\slenpgm.asm
                    jExit   0x0034ea    program     static E:\3.46\pic18-lt\cxx-framework\src\traditional\math\castFP16.asm
               jFinalSign   0x003486    program     static E:\3.46\pic18-lt\cxx-framework\src\traditional\math\addFP.asm
                jHaveZero   0x0032ba    program     static E:\3.46\pic18-lt\cxx-framework\src\traditional\math\mulFP.asm
                jI2F16Beg   0x003194    program     static E:\3.46\pic18-lt\cxx-framework\src\traditional\math\cast16FP.asm
                jI2F32Beg   0x0031c6    program     static E:\3.46\pic18-lt\cxx-framework\src\traditional\math\cast32FP.asm
                    jLoop   0x0044ce    program     static E:\3.46\pic18-lt\cxx-framework\src\traditional\stdclib\slenpgm.asm
                    jLoop   0x0044a4    program     static E:\3.46\pic18-lt\cxx-framework\src\traditional\stdclib\strlen.asm
                    jLoop   0x00323a    program     static E:\3.46\pic18-lt\cxx-framework\src\traditional\math\divFP.asm
                    jLoop   0x0034ca    program     static E:\3.46\pic18-lt\cxx-framework\src\traditional\math\castFP16.asm
                jLoopExit   0x0034da    program     static E:\3.46\pic18-lt\cxx-framework\src\traditional\math\castFP16.asm
                   jMatch   0x004630    program     static E:\3.46\pic18-lt\cxx-framework\src\traditional\stdclib\isdigit.asm
                     jMax   0x00349e    program     static E:\3.46\pic18-lt\cxx-framework\src\traditional\math\castFP16.asm
                  jMaxNeg   0x0034ac    program     static E:\3.46\pic18-lt\cxx-framework\src\traditional\math\castFP16.asm
                  jMaxPos   0x0034a2    program     static E:\3.46\pic18-lt\cxx-framework\src\traditional\math\castFP16.asm
                    jNext   0x003260    program     static E:\3.46\pic18-lt\cxx-framework\src\traditional\math\divFP.asm
                jNoAdjust   0x00325e    program     static E:\3.46\pic18-lt\cxx-framework\src\traditional\math\divFP.asm
                 jNoMatch   0x004632    program     static E:\3.46\pic18-lt\cxx-framework\src\traditional\stdclib\isdigit.asm
             jNotBothZero   0x0033b0    program     static E:\3.46\pic18-lt\cxx-framework\src\traditional\math\addFP.asm
                  jNotInf   0x0034ba    program     static E:\3.46\pic18-lt\cxx-framework\src\traditional\math\castFP16.asm
                  jPkLoop   0x003532    program     static E:\3.46\pic18-lt\cxx-framework\src\traditional\math\packFP.asm
             jPkRoundDone   0x00357c    program     static E:\3.46\pic18-lt\cxx-framework\src\traditional\math\packFP.asm
               jPkRoundIt   0x003564    program     static E:\3.46\pic18-lt\cxx-framework\src\traditional\math\packFP.asm
             jPkShiftDone   0x00354e    program     static E:\3.46\pic18-lt\cxx-framework\src\traditional\math\packFP.asm
           jReturnPosInf0   0x003508    program     static E:\3.46\pic18-lt\cxx-framework\src\traditional\math\packFP.asm
               jShiftDone   0x003446    program     static E:\3.46\pic18-lt\cxx-framework\src\traditional\math\addFP.asm
               jShiftLoop   0x003438    program     static E:\3.46\pic18-lt\cxx-framework\src\traditional\math\addFP.asm
                jSignDone   0x003476    program     static E:\3.46\pic18-lt\cxx-framework\src\traditional\math\addFP.asm
              jSignedZero   0x003208    program     static E:\3.46\pic18-lt\cxx-framework\src\traditional\math\divFP.asm
                  jUnpkA1   0x0035a6    program     static E:\3.46\pic18-lt\cxx-framework\src\traditional\math\UnpackFP.asm
                  jUnpkA2   0x0035be    program     static E:\3.46\pic18-lt\cxx-framework\src\traditional\math\UnpackFP.asm
                 jUnpkANZ   0x0035b4    program     static E:\3.46\pic18-lt\cxx-framework\src\traditional\math\UnpackFP.asm
                  jUnpkB1   0x0035d6    program     static E:\3.46\pic18-lt\cxx-framework\src\traditional\math\UnpackFP.asm
                  jUnpkB2   0x0035ee    program     static E:\3.46\pic18-lt\cxx-framework\src\traditional\math\UnpackFP.asm
                 jUnpkBNZ   0x0035e4    program     static E:\3.46\pic18-lt\cxx-framework\src\traditional\math\UnpackFP.asm
                 jUnpkNaN   0x0035c8    program     static E:\3.46\pic18-lt\cxx-framework\src\traditional\math\UnpackFP.asm
                 jWNotNeg   0x003432    program     static E:\3.46\pic18-lt\cxx-framework\src\traditional\math\addFP.asm
                    jZero   0x0034b4    program     static E:\3.46\pic18-lt\cxx-framework\src\traditional\math\castFP16.asm
               jZero1and2   0x00350c    program     static E:\3.46\pic18-lt\cxx-framework\src\traditional\math\packFP.asm
                lineClear   0x002e96    program     extern C:\Users\edwin\Documents\GitHub\PetHub\src\PetHub_Oled.c
                     logo   0x0027c4    program     extern C:\Users\edwin\Documents\GitHub\PetHub\include\PetHub_Oled.h
                     loop   0x0046a0    program     static E:\3.46\pic18-lt\cxx-framework\src\pmc_common\USART\_usartpc.asm
                     loop   0x00456c    program     static                          
                     loop   0x004684    program     static                          
                   loop_h   0x004662    program     static E:\3.46\pic18-lt\cxx-framework\src\traditional\proc\p18f45k22.asm
                   loop_l   0x00466c    program     static E:\3.46\pic18-lt\cxx-framework\src\traditional\proc\p18f45k22.asm
                     main   0x003a20    program     extern C:\Users\edwin\Documents\GitHub\PetHub\src\PetHub.c
              oledCommand   0x002c1c    program     extern C:\Users\edwin\Documents\GitHub\PetHub\src\PetHub_Oled.c
                 oledData   0x002c38    program     extern C:\Users\edwin\Documents\GitHub\PetHub\src\PetHub_Oled.c
                 oledInit   0x002c54    program     extern C:\Users\edwin\Documents\GitHub\PetHub\src\PetHub_Oled.c
            oledPrintChar   0x002d4c    program     extern C:\Users\edwin\Documents\GitHub\PetHub\src\PetHub_Oled.c
            oledPrintLogo   0x002fba    program     extern C:\Users\edwin\Documents\GitHub\PetHub\src\PetHub_Oled.c
     oledPrintSpecialChar   0x002edc    program     extern C:\Users\edwin\Documents\GitHub\PetHub\src\PetHub_Oled.c
          oledPrintString   0x002f6a    program     extern C:\Users\edwin\Documents\GitHub\PetHub\src\PetHub_Oled.c
            oledSetCursor   0x002d0e    program     extern C:\Users\edwin\Documents\GitHub\PetHub\src\PetHub_Oled.c
           oleddisplayOff   0x002cfa    program     extern C:\Users\edwin\Documents\GitHub\PetHub\src\PetHub_Oled.c
            oleddisplayOn   0x002d04    program     extern C:\Users\edwin\Documents\GitHub\PetHub\src\PetHub_Oled.c
                   printf   0x004308    program     extern E:\3.46\pic18-lt\cxx-framework\src\traditional\stdclib\printf.c
                     putc   0x0043a0    program     extern E:\3.46\pic18-lt\cxx-framework\src\traditional\stdclib\putc.c
               resetTimer   0x000028    program     extern C:\Users\edwin\Documents\GitHub\PetHub\src\PetHub_Modules.c
                 s_digits   0x0046c2    program     static E:\3.46\pic18-lt\cxx-framework\src\traditional\stdclib\vfprintf.c
            s_put_n_chars   0x000ffe    program     static E:\3.46\pic18-lt\cxx-framework\src\traditional\stdclib\vfprintf.c
            special_chars   0x0027b2    program     extern C:\Users\edwin\Documents\GitHub\PetHub\include\PetHub_Oled.h
                  sprintf   0x0041be    program     extern E:\3.46\pic18-lt\cxx-framework\src\traditional\stdclib\sprintf.c
       startADCConversion   0x0037f2    program     extern C:\Users\edwin\Documents\GitHub\PetHub\src\PetHub_Sensors.c
             startTrigger   0x003698    program     extern C:\Users\edwin\Documents\GitHub\PetHub\src\PetHub_Sensors.c
                   strlen   0x004494    program     extern E:\3.46\pic18-lt\cxx-framework\src\traditional\stdclib\strlen.asm
                strlenpgm   0x0044b0    program     extern E:\3.46\pic18-lt\cxx-framework\src\traditional\stdclib\slenpgm.asm
     systemInitialization   0x000056    program     extern C:\Users\edwin\Documents\GitHub\PetHub\src\PetHub_Modules.c
                     test   0x004284    program     static                          
            transmitToESP   0x00072c    program     extern C:\Users\edwin\Documents\GitHub\PetHub\src\PetHub_Modules.c
                 vfprintf   0x00102a    program     extern E:\3.46\pic18-lt\cxx-framework\src\traditional\stdclib\vfprintf.c
               zero_block   0x004662    program     static E:\3.46\pic18-lt\cxx-framework\src\traditional\proc\p18f45k22.asm
                   ADCON0   0x000fc2       data     extern E:\3.46\pic18-lt\cxx-framework\src\traditional\proc\p18f45k22.asm
               ADCON0bits   0x000fc2       data     extern E:\3.46\pic18-lt\cxx-framework\src\traditional\proc\p18f45k22.asm
                   ADCON1   0x000fc1       data     extern E:\3.46\pic18-lt\cxx-framework\src\traditional\proc\p18f45k22.asm
               ADCON1bits   0x000fc1       data     extern E:\3.46\pic18-lt\cxx-framework\src\traditional\proc\p18f45k22.asm
                   ADCON2   0x000fc0       data     extern E:\3.46\pic18-lt\cxx-framework\src\traditional\proc\p18f45k22.asm
               ADCON2bits   0x000fc0       data     extern E:\3.46\pic18-lt\cxx-framework\src\traditional\proc\p18f45k22.asm
                    ADRES   0x000fc3       data     extern E:\3.46\pic18-lt\cxx-framework\src\traditional\proc\p18f45k22.asm
                   ADRESH   0x000fc4       data     extern E:\3.46\pic18-lt\cxx-framework\src\traditional\proc\p18f45k22.asm
                   ADRESL   0x000fc3       data     extern E:\3.46\pic18-lt\cxx-framework\src\traditional\proc\p18f45k22.asm
                   ANSELA   0x000f38       data     extern E:\3.46\pic18-lt\cxx-framework\src\traditional\proc\p18f45k22.asm
               ANSELAbits   0x000f38       data     extern E:\3.46\pic18-lt\cxx-framework\src\traditional\proc\p18f45k22.asm
                   ANSELB   0x000f39       data     extern E:\3.46\pic18-lt\cxx-framework\src\traditional\proc\p18f45k22.asm
               ANSELBbits   0x000f39       data     extern E:\3.46\pic18-lt\cxx-framework\src\traditional\proc\p18f45k22.asm
                   ANSELC   0x000f3a       data     extern E:\3.46\pic18-lt\cxx-framework\src\traditional\proc\p18f45k22.asm
               ANSELCbits   0x000f3a       data     extern E:\3.46\pic18-lt\cxx-framework\src\traditional\proc\p18f45k22.asm
                   ANSELD   0x000f3b       data     extern E:\3.46\pic18-lt\cxx-framework\src\traditional\proc\p18f45k22.asm
               ANSELDbits   0x000f3b       data     extern E:\3.46\pic18-lt\cxx-framework\src\traditional\proc\p18f45k22.asm
                   ANSELE   0x000f3c       data     extern E:\3.46\pic18-lt\cxx-framework\src\traditional\proc\p18f45k22.asm
               ANSELEbits   0x000f3c       data     extern E:\3.46\pic18-lt\cxx-framework\src\traditional\proc\p18f45k22.asm
                 BAUD1CON   0x000fb8       data     extern E:\3.46\pic18-lt\cxx-framework\src\traditional\proc\p18f45k22.asm
             BAUD1CONbits   0x000fb8       data     extern E:\3.46\pic18-lt\cxx-framework\src\traditional\proc\p18f45k22.asm
                 BAUD2CON   0x000f70       data     extern E:\3.46\pic18-lt\cxx-framework\src\traditional\proc\p18f45k22.asm
             BAUD2CONbits   0x000f70       data     extern E:\3.46\pic18-lt\cxx-framework\src\traditional\proc\p18f45k22.asm
                  BAUDCON   0x000fb8       data     extern E:\3.46\pic18-lt\cxx-framework\src\traditional\proc\p18f45k22.asm
                 BAUDCON1   0x000fb8       data     extern E:\3.46\pic18-lt\cxx-framework\src\traditional\proc\p18f45k22.asm
             BAUDCON1bits   0x000fb8       data     extern E:\3.46\pic18-lt\cxx-framework\src\traditional\proc\p18f45k22.asm
                 BAUDCON2   0x000f70       data     extern E:\3.46\pic18-lt\cxx-framework\src\traditional\proc\p18f45k22.asm
             BAUDCON2bits   0x000f70       data     extern E:\3.46\pic18-lt\cxx-framework\src\traditional\proc\p18f45k22.asm
              BAUDCONbits   0x000fb8       data     extern E:\3.46\pic18-lt\cxx-framework\src\traditional\proc\p18f45k22.asm
                  BAUDCTL   0x000fb8       data     extern E:\3.46\pic18-lt\cxx-framework\src\traditional\proc\p18f45k22.asm
              BAUDCTLbits   0x000fb8       data     extern E:\3.46\pic18-lt\cxx-framework\src\traditional\proc\p18f45k22.asm
                      BSR   0x000fe0       data     extern E:\3.46\pic18-lt\cxx-framework\src\traditional\proc\p18f45k22.asm
                  CCP1CON   0x000fbd       data     extern E:\3.46\pic18-lt\cxx-framework\src\traditional\proc\p18f45k22.asm
              CCP1CONbits   0x000fbd       data     extern E:\3.46\pic18-lt\cxx-framework\src\traditional\proc\p18f45k22.asm
                   CCP2AS   0x000f64       data     extern E:\3.46\pic18-lt\cxx-framework\src\traditional\proc\p18f45k22.asm
               CCP2ASbits   0x000f64       data     extern E:\3.46\pic18-lt\cxx-framework\src\traditional\proc\p18f45k22.asm
                  CCP2CON   0x000f66       data     extern E:\3.46\pic18-lt\cxx-framework\src\traditional\proc\p18f45k22.asm
              CCP2CONbits   0x000f66       data     extern E:\3.46\pic18-lt\cxx-framework\src\traditional\proc\p18f45k22.asm
                   CCP3AS   0x000f5b       data     extern E:\3.46\pic18-lt\cxx-framework\src\traditional\proc\p18f45k22.asm
               CCP3ASbits   0x000f5b       data     extern E:\3.46\pic18-lt\cxx-framework\src\traditional\proc\p18f45k22.asm
                  CCP3CON   0x000f5d       data     extern E:\3.46\pic18-lt\cxx-framework\src\traditional\proc\p18f45k22.asm
              CCP3CONbits   0x000f5d       data     extern E:\3.46\pic18-lt\cxx-framework\src\traditional\proc\p18f45k22.asm
                  CCP4CON   0x000f57       data     extern E:\3.46\pic18-lt\cxx-framework\src\traditional\proc\p18f45k22.asm
              CCP4CONbits   0x000f57       data     extern E:\3.46\pic18-lt\cxx-framework\src\traditional\proc\p18f45k22.asm
                  CCP5CON   0x000f54       data     extern E:\3.46\pic18-lt\cxx-framework\src\traditional\proc\p18f45k22.asm
              CCP5CONbits   0x000f54       data     extern E:\3.46\pic18-lt\cxx-framework\src\traditional\proc\p18f45k22.asm
                    CCPR1   0x000fbe       data     extern E:\3.46\pic18-lt\cxx-framework\src\traditional\proc\p18f45k22.asm
                   CCPR1H   0x000fbf       data     extern E:\3.46\pic18-lt\cxx-framework\src\traditional\proc\p18f45k22.asm
                   CCPR1L   0x000fbe       data     extern E:\3.46\pic18-lt\cxx-framework\src\traditional\proc\p18f45k22.asm
                    CCPR2   0x000f67       data     extern E:\3.46\pic18-lt\cxx-framework\src\traditional\proc\p18f45k22.asm
                   CCPR2H   0x000f68       data     extern E:\3.46\pic18-lt\cxx-framework\src\traditional\proc\p18f45k22.asm
                   CCPR2L   0x000f67       data     extern E:\3.46\pic18-lt\cxx-framework\src\traditional\proc\p18f45k22.asm
                    CCPR3   0x000f5e       data     extern E:\3.46\pic18-lt\cxx-framework\src\traditional\proc\p18f45k22.asm
                   CCPR3H   0x000f5f       data     extern E:\3.46\pic18-lt\cxx-framework\src\traditional\proc\p18f45k22.asm
                   CCPR3L   0x000f5e       data     extern E:\3.46\pic18-lt\cxx-framework\src\traditional\proc\p18f45k22.asm
                    CCPR4   0x000f58       data     extern E:\3.46\pic18-lt\cxx-framework\src\traditional\proc\p18f45k22.asm
                   CCPR4H   0x000f59       data     extern E:\3.46\pic18-lt\cxx-framework\src\traditional\proc\p18f45k22.asm
                   CCPR4L   0x000f58       data     extern E:\3.46\pic18-lt\cxx-framework\src\traditional\proc\p18f45k22.asm
                    CCPR5   0x000f55       data     extern E:\3.46\pic18-lt\cxx-framework\src\traditional\proc\p18f45k22.asm
                   CCPR5H   0x000f56       data     extern E:\3.46\pic18-lt\cxx-framework\src\traditional\proc\p18f45k22.asm
                   CCPR5L   0x000f55       data     extern E:\3.46\pic18-lt\cxx-framework\src\traditional\proc\p18f45k22.asm
                 CCPTMRS0   0x000f49       data     extern E:\3.46\pic18-lt\cxx-framework\src\traditional\proc\p18f45k22.asm
             CCPTMRS0bits   0x000f49       data     extern E:\3.46\pic18-lt\cxx-framework\src\traditional\proc\p18f45k22.asm
                 CCPTMRS1   0x000f48       data     extern E:\3.46\pic18-lt\cxx-framework\src\traditional\proc\p18f45k22.asm
             CCPTMRS1bits   0x000f48       data     extern E:\3.46\pic18-lt\cxx-framework\src\traditional\proc\p18f45k22.asm
                  CM12CON   0x000f77       data     extern E:\3.46\pic18-lt\cxx-framework\src\traditional\proc\p18f45k22.asm
              CM12CONbits   0x000f77       data     extern E:\3.46\pic18-lt\cxx-framework\src\traditional\proc\p18f45k22.asm
                   CM1CON   0x000f79       data     extern E:\3.46\pic18-lt\cxx-framework\src\traditional\proc\p18f45k22.asm
                  CM1CON0   0x000f79       data     extern E:\3.46\pic18-lt\cxx-framework\src\traditional\proc\p18f45k22.asm
              CM1CON0bits   0x000f79       data     extern E:\3.46\pic18-lt\cxx-framework\src\traditional\proc\p18f45k22.asm
               CM1CONbits   0x000f79       data     extern E:\3.46\pic18-lt\cxx-framework\src\traditional\proc\p18f45k22.asm
                   CM2CON   0x000f78       data     extern E:\3.46\pic18-lt\cxx-framework\src\traditional\proc\p18f45k22.asm
                  CM2CON0   0x000f78       data     extern E:\3.46\pic18-lt\cxx-framework\src\traditional\proc\p18f45k22.asm
              CM2CON0bits   0x000f78       data     extern E:\3.46\pic18-lt\cxx-framework\src\traditional\proc\p18f45k22.asm
                  CM2CON1   0x000f77       data     extern E:\3.46\pic18-lt\cxx-framework\src\traditional\proc\p18f45k22.asm
              CM2CON1bits   0x000f77       data     extern E:\3.46\pic18-lt\cxx-framework\src\traditional\proc\p18f45k22.asm
               CM2CONbits   0x000f78       data     extern E:\3.46\pic18-lt\cxx-framework\src\traditional\proc\p18f45k22.asm
                 CTMUCON0   0x000f45       data     extern E:\3.46\pic18-lt\cxx-framework\src\traditional\proc\p18f45k22.asm
             CTMUCON0bits   0x000f45       data     extern E:\3.46\pic18-lt\cxx-framework\src\traditional\proc\p18f45k22.asm
                 CTMUCON1   0x000f44       data     extern E:\3.46\pic18-lt\cxx-framework\src\traditional\proc\p18f45k22.asm
             CTMUCON1bits   0x000f44       data     extern E:\3.46\pic18-lt\cxx-framework\src\traditional\proc\p18f45k22.asm
                 CTMUCONH   0x000f45       data     extern E:\3.46\pic18-lt\cxx-framework\src\traditional\proc\p18f45k22.asm
             CTMUCONHbits   0x000f45       data     extern E:\3.46\pic18-lt\cxx-framework\src\traditional\proc\p18f45k22.asm
                 CTMUCONL   0x000f44       data     extern E:\3.46\pic18-lt\cxx-framework\src\traditional\proc\p18f45k22.asm
             CTMUCONLbits   0x000f44       data     extern E:\3.46\pic18-lt\cxx-framework\src\traditional\proc\p18f45k22.asm
                 CTMUICON   0x000f43       data     extern E:\3.46\pic18-lt\cxx-framework\src\traditional\proc\p18f45k22.asm
                CTMUICONH   0x000f43       data     extern E:\3.46\pic18-lt\cxx-framework\src\traditional\proc\p18f45k22.asm
            CTMUICONHbits   0x000f43       data     extern E:\3.46\pic18-lt\cxx-framework\src\traditional\proc\p18f45k22.asm
             CTMUICONbits   0x000f43       data     extern E:\3.46\pic18-lt\cxx-framework\src\traditional\proc\p18f45k22.asm
                  DACCON0   0x000f41       data     extern E:\3.46\pic18-lt\cxx-framework\src\traditional\proc\p18f45k22.asm
              DACCON0bits   0x000f41       data     extern E:\3.46\pic18-lt\cxx-framework\src\traditional\proc\p18f45k22.asm
                  DACCON1   0x000f40       data     extern E:\3.46\pic18-lt\cxx-framework\src\traditional\proc\p18f45k22.asm
              DACCON1bits   0x000f40       data     extern E:\3.46\pic18-lt\cxx-framework\src\traditional\proc\p18f45k22.asm
                     DDRA   0x000f92       data     extern E:\3.46\pic18-lt\cxx-framework\src\traditional\proc\p18f45k22.asm
                 DDRAbits   0x000f92       data     extern E:\3.46\pic18-lt\cxx-framework\src\traditional\proc\p18f45k22.asm
                     DDRB   0x000f93       data     extern E:\3.46\pic18-lt\cxx-framework\src\traditional\proc\p18f45k22.asm
                 DDRBbits   0x000f93       data     extern E:\3.46\pic18-lt\cxx-framework\src\traditional\proc\p18f45k22.asm
                     DDRC   0x000f94       data     extern E:\3.46\pic18-lt\cxx-framework\src\traditional\proc\p18f45k22.asm
                 DDRCbits   0x000f94       data     extern E:\3.46\pic18-lt\cxx-framework\src\traditional\proc\p18f45k22.asm
                     DDRD   0x000f95       data     extern E:\3.46\pic18-lt\cxx-framework\src\traditional\proc\p18f45k22.asm
                 DDRDbits   0x000f95       data     extern E:\3.46\pic18-lt\cxx-framework\src\traditional\proc\p18f45k22.asm
                     DDRE   0x000f96       data     extern E:\3.46\pic18-lt\cxx-framework\src\traditional\proc\p18f45k22.asm
                 DDREbits   0x000f96       data     extern E:\3.46\pic18-lt\cxx-framework\src\traditional\proc\p18f45k22.asm
            DelayCounter1   0x000025       data     extern E:\3.46\pic18-lt\cxx-framework\src\traditional\delays\delayd1.asm
            DelayCounter2   0x000024       data     extern E:\3.46\pic18-lt\cxx-framework\src\traditional\delays\delayd2.asm
                  ECCP1AS   0x000fb6       data     extern E:\3.46\pic18-lt\cxx-framework\src\traditional\proc\p18f45k22.asm
              ECCP1ASbits   0x000fb6       data     extern E:\3.46\pic18-lt\cxx-framework\src\traditional\proc\p18f45k22.asm
                  ECCP2AS   0x000f64       data     extern E:\3.46\pic18-lt\cxx-framework\src\traditional\proc\p18f45k22.asm
              ECCP2ASbits   0x000f64       data     extern E:\3.46\pic18-lt\cxx-framework\src\traditional\proc\p18f45k22.asm
                  ECCP3AS   0x000f5b       data     extern E:\3.46\pic18-lt\cxx-framework\src\traditional\proc\p18f45k22.asm
              ECCP3ASbits   0x000f5b       data     extern E:\3.46\pic18-lt\cxx-framework\src\traditional\proc\p18f45k22.asm
                   ECCPAS   0x000fb6       data     extern E:\3.46\pic18-lt\cxx-framework\src\traditional\proc\p18f45k22.asm
               ECCPASbits   0x000fb6       data     extern E:\3.46\pic18-lt\cxx-framework\src\traditional\proc\p18f45k22.asm
                    EEADR   0x000fa9       data     extern E:\3.46\pic18-lt\cxx-framework\src\traditional\proc\p18f45k22.asm
                EEADRbits   0x000fa9       data     extern E:\3.46\pic18-lt\cxx-framework\src\traditional\proc\p18f45k22.asm
                   EECON1   0x000fa6       data     extern E:\3.46\pic18-lt\cxx-framework\src\traditional\proc\p18f45k22.asm
               EECON1bits   0x000fa6       data     extern E:\3.46\pic18-lt\cxx-framework\src\traditional\proc\p18f45k22.asm
                   EECON2   0x000fa7       data     extern E:\3.46\pic18-lt\cxx-framework\src\traditional\proc\p18f45k22.asm
                   EEDATA   0x000fa8       data     extern E:\3.46\pic18-lt\cxx-framework\src\traditional\proc\p18f45k22.asm
                     FSR0   0x000fe9       data     extern E:\3.46\pic18-lt\cxx-framework\src\traditional\proc\p18f45k22.asm
                    FSR0H   0x000fea       data     extern E:\3.46\pic18-lt\cxx-framework\src\traditional\proc\p18f45k22.asm
                    FSR0L   0x000fe9       data     extern E:\3.46\pic18-lt\cxx-framework\src\traditional\proc\p18f45k22.asm
                     FSR1   0x000fe1       data     extern E:\3.46\pic18-lt\cxx-framework\src\traditional\proc\p18f45k22.asm
                    FSR1H   0x000fe2       data     extern E:\3.46\pic18-lt\cxx-framework\src\traditional\proc\p18f45k22.asm
                    FSR1L   0x000fe1       data     extern E:\3.46\pic18-lt\cxx-framework\src\traditional\proc\p18f45k22.asm
                     FSR2   0x000fd9       data     extern E:\3.46\pic18-lt\cxx-framework\src\traditional\proc\p18f45k22.asm
                    FSR2H   0x000fda       data     extern E:\3.46\pic18-lt\cxx-framework\src\traditional\proc\p18f45k22.asm
                    FSR2L   0x000fd9       data     extern E:\3.46\pic18-lt\cxx-framework\src\traditional\proc\p18f45k22.asm
                   FVRCON   0x000f42       data     extern E:\3.46\pic18-lt\cxx-framework\src\traditional\proc\p18f45k22.asm
               FVRCONbits   0x000f42       data     extern E:\3.46\pic18-lt\cxx-framework\src\traditional\proc\p18f45k22.asm
                  HLVDCON   0x000f9c       data     extern E:\3.46\pic18-lt\cxx-framework\src\traditional\proc\p18f45k22.asm
              HLVDCONbits   0x000f9c       data     extern E:\3.46\pic18-lt\cxx-framework\src\traditional\proc\p18f45k22.asm
                    INDF0   0x000fef       data     extern E:\3.46\pic18-lt\cxx-framework\src\traditional\proc\p18f45k22.asm
                    INDF1   0x000fe7       data     extern E:\3.46\pic18-lt\cxx-framework\src\traditional\proc\p18f45k22.asm
                    INDF2   0x000fdf       data     extern E:\3.46\pic18-lt\cxx-framework\src\traditional\proc\p18f45k22.asm
                   INTCON   0x000ff2       data     extern E:\3.46\pic18-lt\cxx-framework\src\traditional\proc\p18f45k22.asm
                  INTCON2   0x000ff1       data     extern E:\3.46\pic18-lt\cxx-framework\src\traditional\proc\p18f45k22.asm
              INTCON2bits   0x000ff1       data     extern E:\3.46\pic18-lt\cxx-framework\src\traditional\proc\p18f45k22.asm
                  INTCON3   0x000ff0       data     extern E:\3.46\pic18-lt\cxx-framework\src\traditional\proc\p18f45k22.asm
              INTCON3bits   0x000ff0       data     extern E:\3.46\pic18-lt\cxx-framework\src\traditional\proc\p18f45k22.asm
               INTCONbits   0x000ff2       data     extern E:\3.46\pic18-lt\cxx-framework\src\traditional\proc\p18f45k22.asm
                     IOCB   0x000f62       data     extern E:\3.46\pic18-lt\cxx-framework\src\traditional\proc\p18f45k22.asm
                 IOCBbits   0x000f62       data     extern E:\3.46\pic18-lt\cxx-framework\src\traditional\proc\p18f45k22.asm
                     IPR1   0x000f9f       data     extern E:\3.46\pic18-lt\cxx-framework\src\traditional\proc\p18f45k22.asm
                 IPR1bits   0x000f9f       data     extern E:\3.46\pic18-lt\cxx-framework\src\traditional\proc\p18f45k22.asm
                     IPR2   0x000fa2       data     extern E:\3.46\pic18-lt\cxx-framework\src\traditional\proc\p18f45k22.asm
                 IPR2bits   0x000fa2       data     extern E:\3.46\pic18-lt\cxx-framework\src\traditional\proc\p18f45k22.asm
                     IPR3   0x000fa5       data     extern E:\3.46\pic18-lt\cxx-framework\src\traditional\proc\p18f45k22.asm
                 IPR3bits   0x000fa5       data     extern E:\3.46\pic18-lt\cxx-framework\src\traditional\proc\p18f45k22.asm
                     IPR4   0x000f7c       data     extern E:\3.46\pic18-lt\cxx-framework\src\traditional\proc\p18f45k22.asm
                 IPR4bits   0x000f7c       data     extern E:\3.46\pic18-lt\cxx-framework\src\traditional\proc\p18f45k22.asm
                     IPR5   0x000f7f       data     extern E:\3.46\pic18-lt\cxx-framework\src\traditional\proc\p18f45k22.asm
                 IPR5bits   0x000f7f       data     extern E:\3.46\pic18-lt\cxx-framework\src\traditional\proc\p18f45k22.asm
                     LATA   0x000f89       data     extern E:\3.46\pic18-lt\cxx-framework\src\traditional\proc\p18f45k22.asm
                 LATAbits   0x000f89       data     extern E:\3.46\pic18-lt\cxx-framework\src\traditional\proc\p18f45k22.asm
                     LATB   0x000f8a       data     extern E:\3.46\pic18-lt\cxx-framework\src\traditional\proc\p18f45k22.asm
                 LATBbits   0x000f8a       data     extern E:\3.46\pic18-lt\cxx-framework\src\traditional\proc\p18f45k22.asm
                     LATC   0x000f8b       data     extern E:\3.46\pic18-lt\cxx-framework\src\traditional\proc\p18f45k22.asm
                 LATCbits   0x000f8b       data     extern E:\3.46\pic18-lt\cxx-framework\src\traditional\proc\p18f45k22.asm
                     LATD   0x000f8c       data     extern E:\3.46\pic18-lt\cxx-framework\src\traditional\proc\p18f45k22.asm
                 LATDbits   0x000f8c       data     extern E:\3.46\pic18-lt\cxx-framework\src\traditional\proc\p18f45k22.asm
                     LATE   0x000f8d       data     extern E:\3.46\pic18-lt\cxx-framework\src\traditional\proc\p18f45k22.asm
                 LATEbits   0x000f8d       data     extern E:\3.46\pic18-lt\cxx-framework\src\traditional\proc\p18f45k22.asm
                   LVDCON   0x000f9c       data     extern E:\3.46\pic18-lt\cxx-framework\src\traditional\proc\p18f45k22.asm
               LVDCONbits   0x000f9c       data     extern E:\3.46\pic18-lt\cxx-framework\src\traditional\proc\p18f45k22.asm
                   OSCCON   0x000fd3       data     extern E:\3.46\pic18-lt\cxx-framework\src\traditional\proc\p18f45k22.asm
                  OSCCON2   0x000fd2       data     extern E:\3.46\pic18-lt\cxx-framework\src\traditional\proc\p18f45k22.asm
              OSCCON2bits   0x000fd2       data     extern E:\3.46\pic18-lt\cxx-framework\src\traditional\proc\p18f45k22.asm
               OSCCONbits   0x000fd3       data     extern E:\3.46\pic18-lt\cxx-framework\src\traditional\proc\p18f45k22.asm
                  OSCTUNE   0x000f9b       data     extern E:\3.46\pic18-lt\cxx-framework\src\traditional\proc\p18f45k22.asm
              OSCTUNEbits   0x000f9b       data     extern E:\3.46\pic18-lt\cxx-framework\src\traditional\proc\p18f45k22.asm
                       PC   0x000ff9       data     extern E:\3.46\pic18-lt\cxx-framework\src\traditional\proc\p18f45k22.asm
                      PCL   0x000ff9       data     extern E:\3.46\pic18-lt\cxx-framework\src\traditional\proc\p18f45k22.asm
                   PCLATH   0x000ffa       data     extern E:\3.46\pic18-lt\cxx-framework\src\traditional\proc\p18f45k22.asm
                   PCLATU   0x000ffb       data     extern E:\3.46\pic18-lt\cxx-framework\src\traditional\proc\p18f45k22.asm
                     PIE1   0x000f9d       data     extern E:\3.46\pic18-lt\cxx-framework\src\traditional\proc\p18f45k22.asm
                 PIE1bits   0x000f9d       data     extern E:\3.46\pic18-lt\cxx-framework\src\traditional\proc\p18f45k22.asm
                     PIE2   0x000fa0       data     extern E:\3.46\pic18-lt\cxx-framework\src\traditional\proc\p18f45k22.asm
                 PIE2bits   0x000fa0       data     extern E:\3.46\pic18-lt\cxx-framework\src\traditional\proc\p18f45k22.asm
                     PIE3   0x000fa3       data     extern E:\3.46\pic18-lt\cxx-framework\src\traditional\proc\p18f45k22.asm
                 PIE3bits   0x000fa3       data     extern E:\3.46\pic18-lt\cxx-framework\src\traditional\proc\p18f45k22.asm
                     PIE4   0x000f7a       data     extern E:\3.46\pic18-lt\cxx-framework\src\traditional\proc\p18f45k22.asm
                 PIE4bits   0x000f7a       data     extern E:\3.46\pic18-lt\cxx-framework\src\traditional\proc\p18f45k22.asm
                     PIE5   0x000f7d       data     extern E:\3.46\pic18-lt\cxx-framework\src\traditional\proc\p18f45k22.asm
                 PIE5bits   0x000f7d       data     extern E:\3.46\pic18-lt\cxx-framework\src\traditional\proc\p18f45k22.asm
                     PIR1   0x000f9e       data     extern E:\3.46\pic18-lt\cxx-framework\src\traditional\proc\p18f45k22.asm
                 PIR1bits   0x000f9e       data     extern E:\3.46\pic18-lt\cxx-framework\src\traditional\proc\p18f45k22.asm
                     PIR2   0x000fa1       data     extern E:\3.46\pic18-lt\cxx-framework\src\traditional\proc\p18f45k22.asm
                 PIR2bits   0x000fa1       data     extern E:\3.46\pic18-lt\cxx-framework\src\traditional\proc\p18f45k22.asm
                     PIR3   0x000fa4       data     extern E:\3.46\pic18-lt\cxx-framework\src\traditional\proc\p18f45k22.asm
                 PIR3bits   0x000fa4       data     extern E:\3.46\pic18-lt\cxx-framework\src\traditional\proc\p18f45k22.asm
                     PIR4   0x000f7b       data     extern E:\3.46\pic18-lt\cxx-framework\src\traditional\proc\p18f45k22.asm
                 PIR4bits   0x000f7b       data     extern E:\3.46\pic18-lt\cxx-framework\src\traditional\proc\p18f45k22.asm
                     PIR5   0x000f7e       data     extern E:\3.46\pic18-lt\cxx-framework\src\traditional\proc\p18f45k22.asm
                 PIR5bits   0x000f7e       data     extern E:\3.46\pic18-lt\cxx-framework\src\traditional\proc\p18f45k22.asm
                   PLUSW0   0x000feb       data     extern E:\3.46\pic18-lt\cxx-framework\src\traditional\proc\p18f45k22.asm
                   PLUSW1   0x000fe3       data     extern E:\3.46\pic18-lt\cxx-framework\src\traditional\proc\p18f45k22.asm
                   PLUSW2   0x000fdb       data     extern E:\3.46\pic18-lt\cxx-framework\src\traditional\proc\p18f45k22.asm
                     PMD0   0x000f3f       data     extern E:\3.46\pic18-lt\cxx-framework\src\traditional\proc\p18f45k22.asm
                 PMD0bits   0x000f3f       data     extern E:\3.46\pic18-lt\cxx-framework\src\traditional\proc\p18f45k22.asm
                     PMD1   0x000f3e       data     extern E:\3.46\pic18-lt\cxx-framework\src\traditional\proc\p18f45k22.asm
                 PMD1bits   0x000f3e       data     extern E:\3.46\pic18-lt\cxx-framework\src\traditional\proc\p18f45k22.asm
                     PMD2   0x000f3d       data     extern E:\3.46\pic18-lt\cxx-framework\src\traditional\proc\p18f45k22.asm
                 PMD2bits   0x000f3d       data     extern E:\3.46\pic18-lt\cxx-framework\src\traditional\proc\p18f45k22.asm
                    PORTA   0x000f80       data     extern E:\3.46\pic18-lt\cxx-framework\src\traditional\proc\p18f45k22.asm
                PORTAbits   0x000f80       data     extern E:\3.46\pic18-lt\cxx-framework\src\traditional\proc\p18f45k22.asm
                    PORTB   0x000f81       data     extern E:\3.46\pic18-lt\cxx-framework\src\traditional\proc\p18f45k22.asm
                PORTBbits   0x000f81       data     extern E:\3.46\pic18-lt\cxx-framework\src\traditional\proc\p18f45k22.asm
                    PORTC   0x000f82       data     extern E:\3.46\pic18-lt\cxx-framework\src\traditional\proc\p18f45k22.asm
                PORTCbits   0x000f82       data     extern E:\3.46\pic18-lt\cxx-framework\src\traditional\proc\p18f45k22.asm
                    PORTD   0x000f83       data     extern E:\3.46\pic18-lt\cxx-framework\src\traditional\proc\p18f45k22.asm
                PORTDbits   0x000f83       data     extern E:\3.46\pic18-lt\cxx-framework\src\traditional\proc\p18f45k22.asm
                    PORTE   0x000f84       data     extern E:\3.46\pic18-lt\cxx-framework\src\traditional\proc\p18f45k22.asm
                PORTEbits   0x000f84       data     extern E:\3.46\pic18-lt\cxx-framework\src\traditional\proc\p18f45k22.asm
                 POSTDEC0   0x000fed       data     extern E:\3.46\pic18-lt\cxx-framework\src\traditional\proc\p18f45k22.asm
                 POSTDEC1   0x000fe5       data     extern E:\3.46\pic18-lt\cxx-framework\src\traditional\proc\p18f45k22.asm
                 POSTDEC2   0x000fdd       data     extern E:\3.46\pic18-lt\cxx-framework\src\traditional\proc\p18f45k22.asm
                 POSTINC0   0x000fee       data     extern E:\3.46\pic18-lt\cxx-framework\src\traditional\proc\p18f45k22.asm
                 POSTINC1   0x000fe6       data     extern E:\3.46\pic18-lt\cxx-framework\src\traditional\proc\p18f45k22.asm
                 POSTINC2   0x000fde       data     extern E:\3.46\pic18-lt\cxx-framework\src\traditional\proc\p18f45k22.asm
                      PR2   0x000fbb       data     extern E:\3.46\pic18-lt\cxx-framework\src\traditional\proc\p18f45k22.asm
                      PR4   0x000f52       data     extern E:\3.46\pic18-lt\cxx-framework\src\traditional\proc\p18f45k22.asm
                      PR6   0x000f4b       data     extern E:\3.46\pic18-lt\cxx-framework\src\traditional\proc\p18f45k22.asm
                  PREINC0   0x000fec       data     extern E:\3.46\pic18-lt\cxx-framework\src\traditional\proc\p18f45k22.asm
                  PREINC1   0x000fe4       data     extern E:\3.46\pic18-lt\cxx-framework\src\traditional\proc\p18f45k22.asm
                  PREINC2   0x000fdc       data     extern E:\3.46\pic18-lt\cxx-framework\src\traditional\proc\p18f45k22.asm
                     PROD   0x000ff3       data     extern E:\3.46\pic18-lt\cxx-framework\src\traditional\proc\p18f45k22.asm
                    PRODH   0x000ff4       data     extern E:\3.46\pic18-lt\cxx-framework\src\traditional\proc\p18f45k22.asm
                    PRODL   0x000ff3       data     extern E:\3.46\pic18-lt\cxx-framework\src\traditional\proc\p18f45k22.asm
                 PSTR1CON   0x000fb9       data     extern E:\3.46\pic18-lt\cxx-framework\src\traditional\proc\p18f45k22.asm
             PSTR1CONbits   0x000fb9       data     extern E:\3.46\pic18-lt\cxx-framework\src\traditional\proc\p18f45k22.asm
                 PSTR2CON   0x000f63       data     extern E:\3.46\pic18-lt\cxx-framework\src\traditional\proc\p18f45k22.asm
             PSTR2CONbits   0x000f63       data     extern E:\3.46\pic18-lt\cxx-framework\src\traditional\proc\p18f45k22.asm
                 PSTR3CON   0x000f5a       data     extern E:\3.46\pic18-lt\cxx-framework\src\traditional\proc\p18f45k22.asm
             PSTR3CONbits   0x000f5a       data     extern E:\3.46\pic18-lt\cxx-framework\src\traditional\proc\p18f45k22.asm
                  PSTRCON   0x000fb9       data     extern E:\3.46\pic18-lt\cxx-framework\src\traditional\proc\p18f45k22.asm
              PSTRCONbits   0x000fb9       data     extern E:\3.46\pic18-lt\cxx-framework\src\traditional\proc\p18f45k22.asm
                  PWM1CON   0x000fb7       data     extern E:\3.46\pic18-lt\cxx-framework\src\traditional\proc\p18f45k22.asm
              PWM1CONbits   0x000fb7       data     extern E:\3.46\pic18-lt\cxx-framework\src\traditional\proc\p18f45k22.asm
                  PWM2CON   0x000f65       data     extern E:\3.46\pic18-lt\cxx-framework\src\traditional\proc\p18f45k22.asm
              PWM2CONbits   0x000f65       data     extern E:\3.46\pic18-lt\cxx-framework\src\traditional\proc\p18f45k22.asm
                  PWM3CON   0x000f5c       data     extern E:\3.46\pic18-lt\cxx-framework\src\traditional\proc\p18f45k22.asm
              PWM3CONbits   0x000f5c       data     extern E:\3.46\pic18-lt\cxx-framework\src\traditional\proc\p18f45k22.asm
                   PWMCON   0x000fb7       data     extern E:\3.46\pic18-lt\cxx-framework\src\traditional\proc\p18f45k22.asm
               PWMCONbits   0x000fb7       data     extern E:\3.46\pic18-lt\cxx-framework\src\traditional\proc\p18f45k22.asm
                   RC1REG   0x000fae       data     extern E:\3.46\pic18-lt\cxx-framework\src\traditional\proc\p18f45k22.asm
               RC1REGbits   0x000fae       data     extern E:\3.46\pic18-lt\cxx-framework\src\traditional\proc\p18f45k22.asm
                   RC1STA   0x000fab       data     extern E:\3.46\pic18-lt\cxx-framework\src\traditional\proc\p18f45k22.asm
               RC1STAbits   0x000fab       data     extern E:\3.46\pic18-lt\cxx-framework\src\traditional\proc\p18f45k22.asm
                   RC2REG   0x000f74       data     extern E:\3.46\pic18-lt\cxx-framework\src\traditional\proc\p18f45k22.asm
                   RC2STA   0x000f71       data     extern E:\3.46\pic18-lt\cxx-framework\src\traditional\proc\p18f45k22.asm
               RC2STAbits   0x000f71       data     extern E:\3.46\pic18-lt\cxx-framework\src\traditional\proc\p18f45k22.asm
                     RCON   0x000fd0       data     extern E:\3.46\pic18-lt\cxx-framework\src\traditional\proc\p18f45k22.asm
                 RCONbits   0x000fd0       data     extern E:\3.46\pic18-lt\cxx-framework\src\traditional\proc\p18f45k22.asm
                    RCREG   0x000fae       data     extern E:\3.46\pic18-lt\cxx-framework\src\traditional\proc\p18f45k22.asm
                   RCREG1   0x000fae       data     extern E:\3.46\pic18-lt\cxx-framework\src\traditional\proc\p18f45k22.asm
               RCREG1bits   0x000fae       data     extern E:\3.46\pic18-lt\cxx-framework\src\traditional\proc\p18f45k22.asm
                   RCREG2   0x000f74       data     extern E:\3.46\pic18-lt\cxx-framework\src\traditional\proc\p18f45k22.asm
                RCREGbits   0x000fae       data     extern E:\3.46\pic18-lt\cxx-framework\src\traditional\proc\p18f45k22.asm
                    RCSTA   0x000fab       data     extern E:\3.46\pic18-lt\cxx-framework\src\traditional\proc\p18f45k22.asm
                   RCSTA1   0x000fab       data     extern E:\3.46\pic18-lt\cxx-framework\src\traditional\proc\p18f45k22.asm
               RCSTA1bits   0x000fab       data     extern E:\3.46\pic18-lt\cxx-framework\src\traditional\proc\p18f45k22.asm
                   RCSTA2   0x000f71       data     extern E:\3.46\pic18-lt\cxx-framework\src\traditional\proc\p18f45k22.asm
               RCSTA2bits   0x000f71       data     extern E:\3.46\pic18-lt\cxx-framework\src\traditional\proc\p18f45k22.asm
                RCSTAbits   0x000fab       data     extern E:\3.46\pic18-lt\cxx-framework\src\traditional\proc\p18f45k22.asm
                     SIGN   0x00000e       data     extern E:\3.46\pic18-lt\cxx-framework\src\traditional\math\cmath18.asm
                   SLRCON   0x000f60       data     extern E:\3.46\pic18-lt\cxx-framework\src\traditional\proc\p18f45k22.asm
               SLRCONbits   0x000f60       data     extern E:\3.46\pic18-lt\cxx-framework\src\traditional\proc\p18f45k22.asm
                   SP1BRG   0x000faf       data     extern E:\3.46\pic18-lt\cxx-framework\src\traditional\proc\p18f45k22.asm
                  SP1BRGH   0x000fb0       data     extern E:\3.46\pic18-lt\cxx-framework\src\traditional\proc\p18f45k22.asm
              SP1BRGHbits   0x000fb0       data     extern E:\3.46\pic18-lt\cxx-framework\src\traditional\proc\p18f45k22.asm
               SP1BRGbits   0x000faf       data     extern E:\3.46\pic18-lt\cxx-framework\src\traditional\proc\p18f45k22.asm
                   SP2BRG   0x000f75       data     extern E:\3.46\pic18-lt\cxx-framework\src\traditional\proc\p18f45k22.asm
                  SP2BRGH   0x000f76       data     extern E:\3.46\pic18-lt\cxx-framework\src\traditional\proc\p18f45k22.asm
                    SPBRG   0x000faf       data     extern E:\3.46\pic18-lt\cxx-framework\src\traditional\proc\p18f45k22.asm
                   SPBRG1   0x000faf       data     extern E:\3.46\pic18-lt\cxx-framework\src\traditional\proc\p18f45k22.asm
               SPBRG1bits   0x000faf       data     extern E:\3.46\pic18-lt\cxx-framework\src\traditional\proc\p18f45k22.asm
                   SPBRG2   0x000f75       data     extern E:\3.46\pic18-lt\cxx-framework\src\traditional\proc\p18f45k22.asm
                   SPBRGH   0x000fb0       data     extern E:\3.46\pic18-lt\cxx-framework\src\traditional\proc\p18f45k22.asm
                  SPBRGH1   0x000fb0       data     extern E:\3.46\pic18-lt\cxx-framework\src\traditional\proc\p18f45k22.asm
              SPBRGH1bits   0x000fb0       data     extern E:\3.46\pic18-lt\cxx-framework\src\traditional\proc\p18f45k22.asm
                  SPBRGH2   0x000f76       data     extern E:\3.46\pic18-lt\cxx-framework\src\traditional\proc\p18f45k22.asm
               SPBRGHbits   0x000fb0       data     extern E:\3.46\pic18-lt\cxx-framework\src\traditional\proc\p18f45k22.asm
                SPBRGbits   0x000faf       data     extern E:\3.46\pic18-lt\cxx-framework\src\traditional\proc\p18f45k22.asm
                   SRCON0   0x000f47       data     extern E:\3.46\pic18-lt\cxx-framework\src\traditional\proc\p18f45k22.asm
               SRCON0bits   0x000f47       data     extern E:\3.46\pic18-lt\cxx-framework\src\traditional\proc\p18f45k22.asm
                   SRCON1   0x000f46       data     extern E:\3.46\pic18-lt\cxx-framework\src\traditional\proc\p18f45k22.asm
               SRCON1bits   0x000f46       data     extern E:\3.46\pic18-lt\cxx-framework\src\traditional\proc\p18f45k22.asm
                  SSP1ADD   0x000fc8       data     extern E:\3.46\pic18-lt\cxx-framework\src\traditional\proc\p18f45k22.asm
              SSP1ADDbits   0x000fc8       data     extern E:\3.46\pic18-lt\cxx-framework\src\traditional\proc\p18f45k22.asm
                  SSP1BUF   0x000fc9       data     extern E:\3.46\pic18-lt\cxx-framework\src\traditional\proc\p18f45k22.asm
              SSP1BUFbits   0x000fc9       data     extern E:\3.46\pic18-lt\cxx-framework\src\traditional\proc\p18f45k22.asm
                 SSP1CON1   0x000fc6       data     extern E:\3.46\pic18-lt\cxx-framework\src\traditional\proc\p18f45k22.asm
             SSP1CON1bits   0x000fc6       data     extern E:\3.46\pic18-lt\cxx-framework\src\traditional\proc\p18f45k22.asm
                 SSP1CON2   0x000fc5       data     extern E:\3.46\pic18-lt\cxx-framework\src\traditional\proc\p18f45k22.asm
             SSP1CON2bits   0x000fc5       data     extern E:\3.46\pic18-lt\cxx-framework\src\traditional\proc\p18f45k22.asm
                 SSP1CON3   0x000fcb       data     extern E:\3.46\pic18-lt\cxx-framework\src\traditional\proc\p18f45k22.asm
             SSP1CON3bits   0x000fcb       data     extern E:\3.46\pic18-lt\cxx-framework\src\traditional\proc\p18f45k22.asm
                  SSP1MSK   0x000fca       data     extern E:\3.46\pic18-lt\cxx-framework\src\traditional\proc\p18f45k22.asm
              SSP1MSKbits   0x000fca       data     extern E:\3.46\pic18-lt\cxx-framework\src\traditional\proc\p18f45k22.asm
[...]
                    RCREG   0x000fae       data     extern E:\3.46\pic18-lt\cxx-framework\src\traditional\proc\p18f45k22.asm
               RC1REGbits   0x000fae       data     extern E:\3.46\pic18-lt\cxx-framework\src\traditional\proc\p18f45k22.asm
                   RC1REG   0x000fae       data     extern E:\3.46\pic18-lt\cxx-framework\src\traditional\proc\p18f45k22.asm
               SPBRG1bits   0x000faf       data     extern E:\3.46\pic18-lt\cxx-framework\src\traditional\proc\p18f45k22.asm
                   SPBRG1   0x000faf       data     extern E:\3.46\pic18-lt\cxx-framework\src\traditional\proc\p18f45k22.asm
                    SPBRG   0x000faf       data     extern E:\3.46\pic18-lt\cxx-framework\src\traditional\proc\p18f45k22.asm
               SP1BRGbits   0x000faf       data     extern E:\3.46\pic18-lt\cxx-framework\src\traditional\proc\p18f45k22.asm
                   SP1BRG   0x000faf       data     extern E:\3.46\pic18-lt\cxx-framework\src\traditional\proc\p18f45k22.asm
                SPBRGbits   0x000faf       data     extern E:\3.46\pic18-lt\cxx-framework\src\traditional\proc\p18f45k22.asm
              SPBRGH1bits   0x000fb0       data     extern E:\3.46\pic18-lt\cxx-framework\src\traditional\proc\p18f45k22.asm
                  SPBRGH1   0x000fb0       data     extern E:\3.46\pic18-lt\cxx-framework\src\traditional\proc\p18f45k22.asm
                   SPBRGH   0x000fb0       data     extern E:\3.46\pic18-lt\cxx-framework\src\traditional\proc\p18f45k22.asm
               SPBRGHbits   0x000fb0       data     extern E:\3.46\pic18-lt\cxx-framework\src\traditional\proc\p18f45k22.asm
              SP1BRGHbits   0x000fb0       data     extern E:\3.46\pic18-lt\cxx-framework\src\traditional\proc\p18f45k22.asm
                  SP1BRGH   0x000fb0       data     extern E:\3.46\pic18-lt\cxx-framework\src\traditional\proc\p18f45k22.asm
                T3CONbits   0x000fb1       data     extern E:\3.46\pic18-lt\cxx-framework\src\traditional\proc\p18f45k22.asm
                    T3CON   0x000fb1       data     extern E:\3.46\pic18-lt\cxx-framework\src\traditional\proc\p18f45k22.asm
                    TMR3L   0x000fb2       data     extern E:\3.46\pic18-lt\cxx-framework\src\traditional\proc\p18f45k22.asm
                    TMR3H   0x000fb3       data     extern E:\3.46\pic18-lt\cxx-framework\src\traditional\proc\p18f45k22.asm
               T3GCONbits   0x000fb4       data     extern E:\3.46\pic18-lt\cxx-framework\src\traditional\proc\p18f45k22.asm
                   T3GCON   0x000fb4       data     extern E:\3.46\pic18-lt\cxx-framework\src\traditional\proc\p18f45k22.asm
                  ECCP1AS   0x000fb6       data     extern E:\3.46\pic18-lt\cxx-framework\src\traditional\proc\p18f45k22.asm
              ECCP1ASbits   0x000fb6       data     extern E:\3.46\pic18-lt\cxx-framework\src\traditional\proc\p18f45k22.asm
                   ECCPAS   0x000fb6       data     extern E:\3.46\pic18-lt\cxx-framework\src\traditional\proc\p18f45k22.asm
               ECCPASbits   0x000fb6       data     extern E:\3.46\pic18-lt\cxx-framework\src\traditional\proc\p18f45k22.asm
                  PWM1CON   0x000fb7       data     extern E:\3.46\pic18-lt\cxx-framework\src\traditional\proc\p18f45k22.asm
              PWM1CONbits   0x000fb7       data     extern E:\3.46\pic18-lt\cxx-framework\src\traditional\proc\p18f45k22.asm
                   PWMCON   0x000fb7       data     extern E:\3.46\pic18-lt\cxx-framework\src\traditional\proc\p18f45k22.asm
               PWMCONbits   0x000fb7       data     extern E:\3.46\pic18-lt\cxx-framework\src\traditional\proc\p18f45k22.asm
                 BAUD1CON   0x000fb8       data     extern E:\3.46\pic18-lt\cxx-framework\src\traditional\proc\p18f45k22.asm
             BAUD1CONbits   0x000fb8       data     extern E:\3.46\pic18-lt\cxx-framework\src\traditional\proc\p18f45k22.asm
                  BAUDCON   0x000fb8       data     extern E:\3.46\pic18-lt\cxx-framework\src\traditional\proc\p18f45k22.asm
                 BAUDCON1   0x000fb8       data     extern E:\3.46\pic18-lt\cxx-framework\src\traditional\proc\p18f45k22.asm
             BAUDCON1bits   0x000fb8       data     extern E:\3.46\pic18-lt\cxx-framework\src\traditional\proc\p18f45k22.asm
              BAUDCONbits   0x000fb8       data     extern E:\3.46\pic18-lt\cxx-framework\src\traditional\proc\p18f45k22.asm
                  BAUDCTL   0x000fb8       data     extern E:\3.46\pic18-lt\cxx-framework\src\traditional\proc\p18f45k22.asm
              BAUDCTLbits   0x000fb8       data     extern E:\3.46\pic18-lt\cxx-framework\src\traditional\proc\p18f45k22.asm
                 PSTR1CON   0x000fb9       data     extern E:\3.46\pic18-lt\cxx-framework\src\traditional\proc\p18f45k22.asm
             PSTR1CONbits   0x000fb9       data     extern E:\3.46\pic18-lt\cxx-framework\src\traditional\proc\p18f45k22.asm
                  PSTRCON   0x000fb9       data     extern E:\3.46\pic18-lt\cxx-framework\src\traditional\proc\p18f45k22.asm
              PSTRCONbits   0x000fb9       data     extern E:\3.46\pic18-lt\cxx-framework\src\traditional\proc\p18f45k22.asm
                T2CONbits   0x000fba       data     extern E:\3.46\pic18-lt\cxx-framework\src\traditional\proc\p18f45k22.asm
                    T2CON   0x000fba       data     extern E:\3.46\pic18-lt\cxx-framework\src\traditional\proc\p18f45k22.asm
                      PR2   0x000fbb       data     extern E:\3.46\pic18-lt\cxx-framework\src\traditional\proc\p18f45k22.asm
                     TMR2   0x000fbc       data     extern E:\3.46\pic18-lt\cxx-framework\src\traditional\proc\p18f45k22.asm
                  CCP1CON   0x000fbd       data     extern E:\3.46\pic18-lt\cxx-framework\src\traditional\proc\p18f45k22.asm
              CCP1CONbits   0x000fbd       data     extern E:\3.46\pic18-lt\cxx-framework\src\traditional\proc\p18f45k22.asm
                    CCPR1   0x000fbe       data     extern E:\3.46\pic18-lt\cxx-framework\src\traditional\proc\p18f45k22.asm
                   CCPR1L   0x000fbe       data     extern E:\3.46\pic18-lt\cxx-framework\src\traditional\proc\p18f45k22.asm
                   CCPR1H   0x000fbf       data     extern E:\3.46\pic18-lt\cxx-framework\src\traditional\proc\p18f45k22.asm
                   ADCON2   0x000fc0       data     extern E:\3.46\pic18-lt\cxx-framework\src\traditional\proc\p18f45k22.asm
               ADCON2bits   0x000fc0       data     extern E:\3.46\pic18-lt\cxx-framework\src\traditional\proc\p18f45k22.asm
                   ADCON1   0x000fc1       data     extern E:\3.46\pic18-lt\cxx-framework\src\traditional\proc\p18f45k22.asm
               ADCON1bits   0x000fc1       data     extern E:\3.46\pic18-lt\cxx-framework\src\traditional\proc\p18f45k22.asm
                   ADCON0   0x000fc2       data     extern E:\3.46\pic18-lt\cxx-framework\src\traditional\proc\p18f45k22.asm
               ADCON0bits   0x000fc2       data     extern E:\3.46\pic18-lt\cxx-framework\src\traditional\proc\p18f45k22.asm
                    ADRES   0x000fc3       data     extern E:\3.46\pic18-lt\cxx-framework\src\traditional\proc\p18f45k22.asm
                   ADRESL   0x000fc3       data     extern E:\3.46\pic18-lt\cxx-framework\src\traditional\proc\p18f45k22.asm
                   ADRESH   0x000fc4       data     extern E:\3.46\pic18-lt\cxx-framework\src\traditional\proc\p18f45k22.asm
              SSPCON2bits   0x000fc5       data     extern E:\3.46\pic18-lt\cxx-framework\src\traditional\proc\p18f45k22.asm
                  SSPCON2   0x000fc5       data     extern E:\3.46\pic18-lt\cxx-framework\src\traditional\proc\p18f45k22.asm
                 SSP1CON2   0x000fc5       data     extern E:\3.46\pic18-lt\cxx-framework\src\traditional\proc\p18f45k22.asm
             SSP1CON2bits   0x000fc5       data     extern E:\3.46\pic18-lt\cxx-framework\src\traditional\proc\p18f45k22.asm
                 SSP1CON1   0x000fc6       data     extern E:\3.46\pic18-lt\cxx-framework\src\traditional\proc\p18f45k22.asm
              SSPCON1bits   0x000fc6       data     extern E:\3.46\pic18-lt\cxx-framework\src\traditional\proc\p18f45k22.asm
                  SSPCON1   0x000fc6       data     extern E:\3.46\pic18-lt\cxx-framework\src\traditional\proc\p18f45k22.asm
             SSP1CON1bits   0x000fc6       data     extern E:\3.46\pic18-lt\cxx-framework\src\traditional\proc\p18f45k22.asm
                 SSP1STAT   0x000fc7       data     extern E:\3.46\pic18-lt\cxx-framework\src\traditional\proc\p18f45k22.asm
             SSP1STATbits   0x000fc7       data     extern E:\3.46\pic18-lt\cxx-framework\src\traditional\proc\p18f45k22.asm
              SSPSTATbits   0x000fc7       data     extern E:\3.46\pic18-lt\cxx-framework\src\traditional\proc\p18f45k22.asm
                  SSPSTAT   0x000fc7       data     extern E:\3.46\pic18-lt\cxx-framework\src\traditional\proc\p18f45k22.asm
                   SSPADD   0x000fc8       data     extern E:\3.46\pic18-lt\cxx-framework\src\traditional\proc\p18f45k22.asm
               SSPADDbits   0x000fc8       data     extern E:\3.46\pic18-lt\cxx-framework\src\traditional\proc\p18f45k22.asm
              SSP1ADDbits   0x000fc8       data     extern E:\3.46\pic18-lt\cxx-framework\src\traditional\proc\p18f45k22.asm
                  SSP1ADD   0x000fc8       data     extern E:\3.46\pic18-lt\cxx-framework\src\traditional\proc\p18f45k22.asm
                   SSPBUF   0x000fc9       data     extern E:\3.46\pic18-lt\cxx-framework\src\traditional\proc\p18f45k22.asm
               SSPBUFbits   0x000fc9       data     extern E:\3.46\pic18-lt\cxx-framework\src\traditional\proc\p18f45k22.asm
              SSP1BUFbits   0x000fc9       data     extern E:\3.46\pic18-lt\cxx-framework\src\traditional\proc\p18f45k22.asm
                  SSP1BUF   0x000fc9       data     extern E:\3.46\pic18-lt\cxx-framework\src\traditional\proc\p18f45k22.asm
              SSP1MSKbits   0x000fca       data     extern E:\3.46\pic18-lt\cxx-framework\src\traditional\proc\p18f45k22.asm
                  SSP1MSK   0x000fca       data     extern E:\3.46\pic18-lt\cxx-framework\src\traditional\proc\p18f45k22.asm
                   SSPMSK   0x000fca       data     extern E:\3.46\pic18-lt\cxx-framework\src\traditional\proc\p18f45k22.asm
               SSPMSKbits   0x000fca       data     extern E:\3.46\pic18-lt\cxx-framework\src\traditional\proc\p18f45k22.asm
                 SSP1CON3   0x000fcb       data     extern E:\3.46\pic18-lt\cxx-framework\src\traditional\proc\p18f45k22.asm
             SSP1CON3bits   0x000fcb       data     extern E:\3.46\pic18-lt\cxx-framework\src\traditional\proc\p18f45k22.asm
                  SSPCON3   0x000fcb       data     extern E:\3.46\pic18-lt\cxx-framework\src\traditional\proc\p18f45k22.asm
              SSPCON3bits   0x000fcb       data     extern E:\3.46\pic18-lt\cxx-framework\src\traditional\proc\p18f45k22.asm
                   T1GCON   0x000fcc       data     extern E:\3.46\pic18-lt\cxx-framework\src\traditional\proc\p18f45k22.asm
               T1GCONbits   0x000fcc       data     extern E:\3.46\pic18-lt\cxx-framework\src\traditional\proc\p18f45k22.asm
                    T1CON   0x000fcd       data     extern E:\3.46\pic18-lt\cxx-framework\src\traditional\proc\p18f45k22.asm
                T1CONbits   0x000fcd       data     extern E:\3.46\pic18-lt\cxx-framework\src\traditional\proc\p18f45k22.asm
                    TMR1L   0x000fce       data     extern E:\3.46\pic18-lt\cxx-framework\src\traditional\proc\p18f45k22.asm
                    TMR1H   0x000fcf       data     extern E:\3.46\pic18-lt\cxx-framework\src\traditional\proc\p18f45k22.asm
                     RCON   0x000fd0       data     extern E:\3.46\pic18-lt\cxx-framework\src\traditional\proc\p18f45k22.asm
                 RCONbits   0x000fd0       data     extern E:\3.46\pic18-lt\cxx-framework\src\traditional\proc\p18f45k22.asm
               WDTCONbits   0x000fd1       data     extern E:\3.46\pic18-lt\cxx-framework\src\traditional\proc\p18f45k22.asm
                   WDTCON   0x000fd1       data     extern E:\3.46\pic18-lt\cxx-framework\src\traditional\proc\p18f45k22.asm
                  OSCCON2   0x000fd2       data     extern E:\3.46\pic18-lt\cxx-framework\src\traditional\proc\p18f45k22.asm
              OSCCON2bits   0x000fd2       data     extern E:\3.46\pic18-lt\cxx-framework\src\traditional\proc\p18f45k22.asm
                   OSCCON   0x000fd3       data     extern E:\3.46\pic18-lt\cxx-framework\src\traditional\proc\p18f45k22.asm
               OSCCONbits   0x000fd3       data     extern E:\3.46\pic18-lt\cxx-framework\src\traditional\proc\p18f45k22.asm
                T0CONbits   0x000fd5       data     extern E:\3.46\pic18-lt\cxx-framework\src\traditional\proc\p18f45k22.asm
                    T0CON   0x000fd5       data     extern E:\3.46\pic18-lt\cxx-framework\src\traditional\proc\p18f45k22.asm
                    TMR0L   0x000fd6       data     extern E:\3.46\pic18-lt\cxx-framework\src\traditional\proc\p18f45k22.asm
                    TMR0H   0x000fd7       data     extern E:\3.46\pic18-lt\cxx-framework\src\traditional\proc\p18f45k22.asm
               STATUSbits   0x000fd8       data     extern E:\3.46\pic18-lt\cxx-framework\src\traditional\proc\p18f45k22.asm
                   STATUS   0x000fd8       data     extern E:\3.46\pic18-lt\cxx-framework\src\traditional\proc\p18f45k22.asm
                     FSR2   0x000fd9       data     extern E:\3.46\pic18-lt\cxx-framework\src\traditional\proc\p18f45k22.asm
                    FSR2L   0x000fd9       data     extern E:\3.46\pic18-lt\cxx-framework\src\traditional\proc\p18f45k22.asm
                    FSR2H   0x000fda       data     extern E:\3.46\pic18-lt\cxx-framework\src\traditional\proc\p18f45k22.asm
                   PLUSW2   0x000fdb       data     extern E:\3.46\pic18-lt\cxx-framework\src\traditional\proc\p18f45k22.asm
                  PREINC2   0x000fdc       data     extern E:\3.46\pic18-lt\cxx-framework\src\traditional\proc\p18f45k22.asm
                 POSTDEC2   0x000fdd       data     extern E:\3.46\pic18-lt\cxx-framework\src\traditional\proc\p18f45k22.asm
                 POSTINC2   0x000fde       data     extern E:\3.46\pic18-lt\cxx-framework\src\traditional\proc\p18f45k22.asm
                    INDF2   0x000fdf       data     extern E:\3.46\pic18-lt\cxx-framework\src\traditional\proc\p18f45k22.asm
                      BSR   0x000fe0       data     extern E:\3.46\pic18-lt\cxx-framework\src\traditional\proc\p18f45k22.asm
                     FSR1   0x000fe1       data     extern E:\3.46\pic18-lt\cxx-framework\src\traditional\proc\p18f45k22.asm
                    FSR1L   0x000fe1       data     extern E:\3.46\pic18-lt\cxx-framework\src\traditional\proc\p18f45k22.asm
                    FSR1H   0x000fe2       data     extern E:\3.46\pic18-lt\cxx-framework\src\traditional\proc\p18f45k22.asm
                   PLUSW1   0x000fe3       data     extern E:\3.46\pic18-lt\cxx-framework\src\traditional\proc\p18f45k22.asm
                  PREINC1   0x000fe4       data     extern E:\3.46\pic18-lt\cxx-framework\src\traditional\proc\p18f45k22.asm
                 POSTDEC1   0x000fe5       data     extern E:\3.46\pic18-lt\cxx-framework\src\traditional\proc\p18f45k22.asm
                 POSTINC1   0x000fe6       data     extern E:\3.46\pic18-lt\cxx-framework\src\traditional\proc\p18f45k22.asm
                    INDF1   0x000fe7       data     extern E:\3.46\pic18-lt\cxx-framework\src\traditional\proc\p18f45k22.asm
                        W   0x000fe8       data     extern E:\3.46\pic18-lt\cxx-framework\src\traditional\proc\p18f45k22.asm
                     WREG   0x000fe8       data     extern E:\3.46\pic18-lt\cxx-framework\src\traditional\proc\p18f45k22.asm
                     FSR0   0x000fe9       data     extern E:\3.46\pic18-lt\cxx-framework\src\traditional\proc\p18f45k22.asm
                    FSR0L   0x000fe9       data     extern E:\3.46\pic18-lt\cxx-framework\src\traditional\proc\p18f45k22.asm
                    FSR0H   0x000fea       data     extern E:\3.46\pic18-lt\cxx-framework\src\traditional\proc\p18f45k22.asm
                   PLUSW0   0x000feb       data     extern E:\3.46\pic18-lt\cxx-framework\src\traditional\proc\p18f45k22.asm
                  PREINC0   0x000fec       data     extern E:\3.46\pic18-lt\cxx-framework\src\traditional\proc\p18f45k22.asm
                 POSTDEC0   0x000fed       data     extern E:\3.46\pic18-lt\cxx-framework\src\traditional\proc\p18f45k22.asm
                 POSTINC0   0x000fee       data     extern E:\3.46\pic18-lt\cxx-framework\src\traditional\proc\p18f45k22.asm
                    INDF0   0x000fef       data     extern E:\3.46\pic18-lt\cxx-framework\src\traditional\proc\p18f45k22.asm
                  INTCON3   0x000ff0       data     extern E:\3.46\pic18-lt\cxx-framework\src\traditional\proc\p18f45k22.asm
              INTCON3bits   0x000ff0       data     extern E:\3.46\pic18-lt\cxx-framework\src\traditional\proc\p18f45k22.asm
                  INTCON2   0x000ff1       data     extern E:\3.46\pic18-lt\cxx-framework\src\traditional\proc\p18f45k22.asm
              INTCON2bits   0x000ff1       data     extern E:\3.46\pic18-lt\cxx-framework\src\traditional\proc\p18f45k22.asm
                   INTCON   0x000ff2       data     extern E:\3.46\pic18-lt\cxx-framework\src\traditional\proc\p18f45k22.asm
               INTCONbits   0x000ff2       data     extern E:\3.46\pic18-lt\cxx-framework\src\traditional\proc\p18f45k22.asm
                     PROD   0x000ff3       data     extern E:\3.46\pic18-lt\cxx-framework\src\traditional\proc\p18f45k22.asm
                    PRODL   0x000ff3       data     extern E:\3.46\pic18-lt\cxx-framework\src\traditional\proc\p18f45k22.asm
                    PRODH   0x000ff4       data     extern E:\3.46\pic18-lt\cxx-framework\src\traditional\proc\p18f45k22.asm
                   TABLAT   0x000ff5       data     extern E:\3.46\pic18-lt\cxx-framework\src\traditional\proc\p18f45k22.asm
                   TBLPTR   0x000ff6       data     extern E:\3.46\pic18-lt\cxx-framework\src\traditional\proc\p18f45k22.asm
                  TBLPTRL   0x000ff6       data     extern E:\3.46\pic18-lt\cxx-framework\src\traditional\proc\p18f45k22.asm
                  TBLPTRH   0x000ff7       data     extern E:\3.46\pic18-lt\cxx-framework\src\traditional\proc\p18f45k22.asm
                  TBLPTRU   0x000ff8       data     extern E:\3.46\pic18-lt\cxx-framework\src\traditional\proc\p18f45k22.asm
              TBLPTRUbits   0x000ff8       data     extern E:\3.46\pic18-lt\cxx-framework\src\traditional\proc\p18f45k22.asm
                       PC   0x000ff9       data     extern E:\3.46\pic18-lt\cxx-framework\src\traditional\proc\p18f45k22.asm
                      PCL   0x000ff9       data     extern E:\3.46\pic18-lt\cxx-framework\src\traditional\proc\p18f45k22.asm
                   PCLATH   0x000ffa       data     extern E:\3.46\pic18-lt\cxx-framework\src\traditional\proc\p18f45k22.asm
                   PCLATU   0x000ffb       data     extern E:\3.46\pic18-lt\cxx-framework\src\traditional\proc\p18f45k22.asm
               STKPTRbits   0x000ffc       data     extern E:\3.46\pic18-lt\cxx-framework\src\traditional\proc\p18f45k22.asm
                   STKPTR   0x000ffc       data     extern E:\3.46\pic18-lt\cxx-framework\src\traditional\proc\p18f45k22.asm
                      TOS   0x000ffd       data     extern E:\3.46\pic18-lt\cxx-framework\src\traditional\proc\p18f45k22.asm
                     TOSL   0x000ffd       data     extern E:\3.46\pic18-lt\cxx-framework\src\traditional\proc\p18f45k22.asm
                     TOSH   0x000ffe       data     extern E:\3.46\pic18-lt\cxx-framework\src\traditional\proc\p18f45k22.asm
                     TOSU   0x000fff       data     extern E:\3.46\pic18-lt\cxx-framework\src\traditional\proc\p18f45k22.asm


